11:17:05.668 [main] INFO  c.browserstack.BrowserStackJavaAgent - Selenium version detected - 4.13.0
11:17:05.678 [main] INFO  c.browserstack.BrowserStackJavaAgent - Appium version detected - 8.6.0
11:17:06.449 [main] DEBUG c.b.config.BrowserStackConfig - Cli Config passed - {}
11:17:06.456 [main] INFO  c.browserstack.utils.UtilityMethods - BrowserStack Yml Detected : C:\browserstack.yml
11:17:06.456 [main] ERROR c.b.config.BrowserStackConfig - [Invalid Path] Config file does not exist at any parent directory of C:\Users\Shweta\Downloads\QA-Automation-MobileApp-main\QA-Automation-MobileApp-main. Please include a browserstack.yml/browserstack.yaml file containing configuration for tests.
11:17:06.479 [main] ERROR c.browserstack.BrowserStackJavaAgent - Something went wrong - java.lang.RuntimeException: [Invalid Path] Config file does not exist at any parent directory of C:\Users\Shweta\Downloads\QA-Automation-MobileApp-main\QA-Automation-MobileApp-main. Please include a browserstack.yml/browserstack.yaml file containing configuration for tests.
	at com.browserstack.config.BrowserStackConfig.getInstance(Unknown Source)
	at com.browserstack.BrowserStackJavaAgent.b(Unknown Source)
	at com.browserstack.BrowserStackJavaAgent.a(Unknown Source)
	at com.browserstack.BrowserStackJavaAgent.premain(Unknown Source)
	at java.base/jdk.internal.reflect.NativeMethodAccessorImpl.invoke0(Native Method)
	at java.base/jdk.internal.reflect.NativeMethodAccessorImpl.invoke(NativeMethodAccessorImpl.java:77)
	at java.base/jdk.internal.reflect.DelegatingMethodAccessorImpl.invoke(DelegatingMethodAccessorImpl.java:43)
	at java.base/java.lang.reflect.Method.invoke(Method.java:568)
	at java.instrument/sun.instrument.InstrumentationImpl.loadClassAndStartAgent(InstrumentationImpl.java:491)
	at java.instrument/sun.instrument.InstrumentationImpl.loadClassAndCallPremain(InstrumentationImpl.java:503)

11:20:10.205 [main] INFO  c.browserstack.BrowserStackJavaAgent - Selenium version detected - 4.13.0
11:20:10.212 [main] INFO  c.browserstack.BrowserStackJavaAgent - Appium version detected - 8.6.0
11:20:10.771 [main] DEBUG c.b.config.BrowserStackConfig - Cli Config passed - {}
11:20:10.777 [main] INFO  c.browserstack.utils.UtilityMethods - BrowserStack Yml Detected : C:\browserstack.yml
11:20:10.777 [main] ERROR c.b.config.BrowserStackConfig - [Invalid Path] Config file does not exist at any parent directory of C:\Users\Shweta\Downloads\QA-Automation-MobileApp-main\QA-Automation-MobileApp-main. Please include a browserstack.yml/browserstack.yaml file containing configuration for tests.
11:20:10.780 [main] ERROR c.browserstack.BrowserStackJavaAgent - Something went wrong - java.lang.RuntimeException: [Invalid Path] Config file does not exist at any parent directory of C:\Users\Shweta\Downloads\QA-Automation-MobileApp-main\QA-Automation-MobileApp-main. Please include a browserstack.yml/browserstack.yaml file containing configuration for tests.
	at com.browserstack.config.BrowserStackConfig.getInstance(Unknown Source)
	at com.browserstack.BrowserStackJavaAgent.b(Unknown Source)
	at com.browserstack.BrowserStackJavaAgent.a(Unknown Source)
	at com.browserstack.BrowserStackJavaAgent.premain(Unknown Source)
	at java.base/jdk.internal.reflect.NativeMethodAccessorImpl.invoke0(Native Method)
	at java.base/jdk.internal.reflect.NativeMethodAccessorImpl.invoke(NativeMethodAccessorImpl.java:77)
	at java.base/jdk.internal.reflect.DelegatingMethodAccessorImpl.invoke(DelegatingMethodAccessorImpl.java:43)
	at java.base/java.lang.reflect.Method.invoke(Method.java:568)
	at java.instrument/sun.instrument.InstrumentationImpl.loadClassAndStartAgent(InstrumentationImpl.java:491)
	at java.instrument/sun.instrument.InstrumentationImpl.loadClassAndCallPremain(InstrumentationImpl.java:503)

11:27:15.939 [main] INFO  c.browserstack.BrowserStackJavaAgent - Selenium version detected - 4.13.0
11:27:15.944 [main] INFO  c.browserstack.BrowserStackJavaAgent - Appium version detected - 8.6.0
11:27:16.323 [main] DEBUG c.b.config.BrowserStackConfig - Cli Config passed - {}
11:27:16.328 [main] INFO  c.browserstack.utils.UtilityMethods - BrowserStack Yml Detected : C:\browserstack.yml
11:27:16.328 [main] ERROR c.b.config.BrowserStackConfig - [Invalid Path] Config file does not exist at any parent directory of C:\Users\Shweta\Downloads\QA-Automation-MobileApp-main\QA-Automation-MobileApp-main. Please include a browserstack.yml/browserstack.yaml file containing configuration for tests.
11:27:16.330 [main] ERROR c.browserstack.BrowserStackJavaAgent - Something went wrong - java.lang.RuntimeException: [Invalid Path] Config file does not exist at any parent directory of C:\Users\Shweta\Downloads\QA-Automation-MobileApp-main\QA-Automation-MobileApp-main. Please include a browserstack.yml/browserstack.yaml file containing configuration for tests.
	at com.browserstack.config.BrowserStackConfig.getInstance(Unknown Source)
	at com.browserstack.BrowserStackJavaAgent.b(Unknown Source)
	at com.browserstack.BrowserStackJavaAgent.a(Unknown Source)
	at com.browserstack.BrowserStackJavaAgent.premain(Unknown Source)
	at java.base/jdk.internal.reflect.NativeMethodAccessorImpl.invoke0(Native Method)
	at java.base/jdk.internal.reflect.NativeMethodAccessorImpl.invoke(NativeMethodAccessorImpl.java:77)
	at java.base/jdk.internal.reflect.DelegatingMethodAccessorImpl.invoke(DelegatingMethodAccessorImpl.java:43)
	at java.base/java.lang.reflect.Method.invoke(Method.java:568)
	at java.instrument/sun.instrument.InstrumentationImpl.loadClassAndStartAgent(InstrumentationImpl.java:491)
	at java.instrument/sun.instrument.InstrumentationImpl.loadClassAndCallPremain(InstrumentationImpl.java:503)

11:29:11.424 [main] INFO  c.browserstack.BrowserStackJavaAgent - Selenium version detected - 4.13.0
11:29:11.432 [main] INFO  c.browserstack.BrowserStackJavaAgent - Appium version detected - 8.6.0
11:29:11.937 [main] DEBUG c.b.config.BrowserStackConfig - Cli Config passed - {}
11:29:11.940 [main] INFO  c.browserstack.utils.UtilityMethods - BrowserStack Yml Detected : C:\browserstack.yml
11:29:11.941 [main] ERROR c.b.config.BrowserStackConfig - [Invalid Path] Config file does not exist at any parent directory of C:\Users\Shweta\Downloads\QA-Automation-MobileApp-main\QA-Automation-MobileApp-main. Please include a browserstack.yml/browserstack.yaml file containing configuration for tests.
11:29:11.942 [main] ERROR c.browserstack.BrowserStackJavaAgent - Something went wrong - java.lang.RuntimeException: [Invalid Path] Config file does not exist at any parent directory of C:\Users\Shweta\Downloads\QA-Automation-MobileApp-main\QA-Automation-MobileApp-main. Please include a browserstack.yml/browserstack.yaml file containing configuration for tests.
	at com.browserstack.config.BrowserStackConfig.getInstance(Unknown Source)
	at com.browserstack.BrowserStackJavaAgent.b(Unknown Source)
	at com.browserstack.BrowserStackJavaAgent.a(Unknown Source)
	at com.browserstack.BrowserStackJavaAgent.premain(Unknown Source)
	at java.base/jdk.internal.reflect.NativeMethodAccessorImpl.invoke0(Native Method)
	at java.base/jdk.internal.reflect.NativeMethodAccessorImpl.invoke(NativeMethodAccessorImpl.java:77)
	at java.base/jdk.internal.reflect.DelegatingMethodAccessorImpl.invoke(DelegatingMethodAccessorImpl.java:43)
	at java.base/java.lang.reflect.Method.invoke(Method.java:568)
	at java.instrument/sun.instrument.InstrumentationImpl.loadClassAndStartAgent(InstrumentationImpl.java:491)
	at java.instrument/sun.instrument.InstrumentationImpl.loadClassAndCallPremain(InstrumentationImpl.java:503)

11:39:27.858 [main] INFO  c.browserstack.BrowserStackJavaAgent - Selenium version detected - 4.13.0
11:39:27.863 [main] INFO  c.browserstack.BrowserStackJavaAgent - Appium version detected - 8.6.0
11:39:28.225 [main] DEBUG c.b.config.BrowserStackConfig - Cli Config passed - {}
11:39:28.228 [main] INFO  c.browserstack.utils.UtilityMethods - BrowserStack Yml Detected : C:\browserstack.yml
11:39:28.228 [main] ERROR c.b.config.BrowserStackConfig - [Invalid Path] Config file does not exist at any parent directory of C:\Users\Shweta\Downloads\QA-Automation-MobileApp-main\QA-Automation-MobileApp-main. Please include a browserstack.yml/browserstack.yaml file containing configuration for tests.
11:39:28.230 [main] ERROR c.browserstack.BrowserStackJavaAgent - Something went wrong - java.lang.RuntimeException: [Invalid Path] Config file does not exist at any parent directory of C:\Users\Shweta\Downloads\QA-Automation-MobileApp-main\QA-Automation-MobileApp-main. Please include a browserstack.yml/browserstack.yaml file containing configuration for tests.
	at com.browserstack.config.BrowserStackConfig.getInstance(Unknown Source)
	at com.browserstack.BrowserStackJavaAgent.b(Unknown Source)
	at com.browserstack.BrowserStackJavaAgent.a(Unknown Source)
	at com.browserstack.BrowserStackJavaAgent.premain(Unknown Source)
	at java.base/jdk.internal.reflect.NativeMethodAccessorImpl.invoke0(Native Method)
	at java.base/jdk.internal.reflect.NativeMethodAccessorImpl.invoke(NativeMethodAccessorImpl.java:77)
	at java.base/jdk.internal.reflect.DelegatingMethodAccessorImpl.invoke(DelegatingMethodAccessorImpl.java:43)
	at java.base/java.lang.reflect.Method.invoke(Method.java:568)
	at java.instrument/sun.instrument.InstrumentationImpl.loadClassAndStartAgent(InstrumentationImpl.java:491)
	at java.instrument/sun.instrument.InstrumentationImpl.loadClassAndCallPremain(InstrumentationImpl.java:503)

11:46:41.549 [main] INFO  c.browserstack.BrowserStackJavaAgent - Selenium version detected - 4.13.0
11:46:41.556 [main] INFO  c.browserstack.BrowserStackJavaAgent - Appium version detected - 8.6.0
11:46:42.063 [main] DEBUG c.b.config.BrowserStackConfig - Cli Config passed - {}
11:46:42.068 [main] INFO  c.browserstack.utils.UtilityMethods - BrowserStack Yml Detected : C:\browserstack.yml
11:46:42.068 [main] ERROR c.b.config.BrowserStackConfig - [Invalid Path] Config file does not exist at any parent directory of C:\Users\Shweta\Downloads\QA-Automation-MobileApp-main\QA-Automation-MobileApp-main. Please include a browserstack.yml/browserstack.yaml file containing configuration for tests.
11:46:42.070 [main] ERROR c.browserstack.BrowserStackJavaAgent - Something went wrong - java.lang.RuntimeException: [Invalid Path] Config file does not exist at any parent directory of C:\Users\Shweta\Downloads\QA-Automation-MobileApp-main\QA-Automation-MobileApp-main. Please include a browserstack.yml/browserstack.yaml file containing configuration for tests.
	at com.browserstack.config.BrowserStackConfig.getInstance(Unknown Source)
	at com.browserstack.BrowserStackJavaAgent.b(Unknown Source)
	at com.browserstack.BrowserStackJavaAgent.a(Unknown Source)
	at com.browserstack.BrowserStackJavaAgent.premain(Unknown Source)
	at java.base/jdk.internal.reflect.NativeMethodAccessorImpl.invoke0(Native Method)
	at java.base/jdk.internal.reflect.NativeMethodAccessorImpl.invoke(NativeMethodAccessorImpl.java:77)
	at java.base/jdk.internal.reflect.DelegatingMethodAccessorImpl.invoke(DelegatingMethodAccessorImpl.java:43)
	at java.base/java.lang.reflect.Method.invoke(Method.java:568)
	at java.instrument/sun.instrument.InstrumentationImpl.loadClassAndStartAgent(InstrumentationImpl.java:491)
	at java.instrument/sun.instrument.InstrumentationImpl.loadClassAndCallPremain(InstrumentationImpl.java:503)

13:58:59.833 [main] INFO  c.browserstack.BrowserStackJavaAgent - Selenium version detected - 4.13.0
13:58:59.837 [main] INFO  c.browserstack.BrowserStackJavaAgent - Appium version detected - 8.6.0
13:59:00.316 [main] DEBUG c.b.config.BrowserStackConfig - Cli Config passed - {}
13:59:00.320 [main] INFO  c.browserstack.utils.UtilityMethods - BrowserStack Yml Detected : C:\browserstack.yml
13:59:00.320 [main] ERROR c.b.config.BrowserStackConfig - [Invalid Path] Config file does not exist at any parent directory of C:\Users\Shweta\Downloads\QA-Automation-MobileApp-main\QA-Automation-MobileApp-main. Please include a browserstack.yml/browserstack.yaml file containing configuration for tests.
13:59:00.321 [main] ERROR c.browserstack.BrowserStackJavaAgent - Something went wrong - java.lang.RuntimeException: [Invalid Path] Config file does not exist at any parent directory of C:\Users\Shweta\Downloads\QA-Automation-MobileApp-main\QA-Automation-MobileApp-main. Please include a browserstack.yml/browserstack.yaml file containing configuration for tests.
	at com.browserstack.config.BrowserStackConfig.getInstance(Unknown Source)
	at com.browserstack.BrowserStackJavaAgent.b(Unknown Source)
	at com.browserstack.BrowserStackJavaAgent.a(Unknown Source)
	at com.browserstack.BrowserStackJavaAgent.premain(Unknown Source)
	at java.base/jdk.internal.reflect.NativeMethodAccessorImpl.invoke0(Native Method)
	at java.base/jdk.internal.reflect.NativeMethodAccessorImpl.invoke(NativeMethodAccessorImpl.java:77)
	at java.base/jdk.internal.reflect.DelegatingMethodAccessorImpl.invoke(DelegatingMethodAccessorImpl.java:43)
	at java.base/java.lang.reflect.Method.invoke(Method.java:568)
	at java.instrument/sun.instrument.InstrumentationImpl.loadClassAndStartAgent(InstrumentationImpl.java:491)
	at java.instrument/sun.instrument.InstrumentationImpl.loadClassAndCallPremain(InstrumentationImpl.java:503)

16:57:58.059 [main] INFO  c.browserstack.BrowserStackJavaAgent - Selenium version detected - 4.13.0
16:57:58.070 [main] INFO  c.browserstack.BrowserStackJavaAgent - Appium version detected - 8.6.0
16:57:58.575 [main] DEBUG c.b.config.BrowserStackConfig - Cli Config passed - {}
16:57:58.581 [main] INFO  c.browserstack.utils.UtilityMethods - BrowserStack Yml Detected : C:\browserstack.yml
16:57:58.581 [main] ERROR c.b.config.BrowserStackConfig - [Invalid Path] Config file does not exist at any parent directory of C:\Users\Shweta\Downloads\QA-Automation-MobileApp-main\QA-Automation-MobileApp-main. Please include a browserstack.yml/browserstack.yaml file containing configuration for tests.
16:57:58.582 [main] ERROR c.browserstack.BrowserStackJavaAgent - Something went wrong - java.lang.RuntimeException: [Invalid Path] Config file does not exist at any parent directory of C:\Users\Shweta\Downloads\QA-Automation-MobileApp-main\QA-Automation-MobileApp-main. Please include a browserstack.yml/browserstack.yaml file containing configuration for tests.
	at com.browserstack.config.BrowserStackConfig.getInstance(Unknown Source)
	at com.browserstack.BrowserStackJavaAgent.b(Unknown Source)
	at com.browserstack.BrowserStackJavaAgent.a(Unknown Source)
	at com.browserstack.BrowserStackJavaAgent.premain(Unknown Source)
	at java.base/jdk.internal.reflect.NativeMethodAccessorImpl.invoke0(Native Method)
	at java.base/jdk.internal.reflect.NativeMethodAccessorImpl.invoke(NativeMethodAccessorImpl.java:77)
	at java.base/jdk.internal.reflect.DelegatingMethodAccessorImpl.invoke(DelegatingMethodAccessorImpl.java:43)
	at java.base/java.lang.reflect.Method.invoke(Method.java:568)
	at java.instrument/sun.instrument.InstrumentationImpl.loadClassAndStartAgent(InstrumentationImpl.java:491)
	at java.instrument/sun.instrument.InstrumentationImpl.loadClassAndCallPremain(InstrumentationImpl.java:503)

17:04:27.681 [main] INFO  c.browserstack.BrowserStackJavaAgent - Selenium version detected - 4.13.0
17:04:27.692 [main] INFO  c.browserstack.BrowserStackJavaAgent - Appium version detected - 8.6.0
17:04:28.670 [main] DEBUG c.b.config.BrowserStackConfig - Cli Config passed - {}
17:04:28.677 [main] INFO  c.browserstack.utils.UtilityMethods - BrowserStack Yml Detected : C:\browserstack.yml
17:04:28.678 [main] ERROR c.b.config.BrowserStackConfig - [Invalid Path] Config file does not exist at any parent directory of C:\Users\Shweta\Downloads\QA-Automation-MobileApp-main\QA-Automation-MobileApp-main. Please include a browserstack.yml/browserstack.yaml file containing configuration for tests.
17:04:28.680 [main] ERROR c.browserstack.BrowserStackJavaAgent - Something went wrong - java.lang.RuntimeException: [Invalid Path] Config file does not exist at any parent directory of C:\Users\Shweta\Downloads\QA-Automation-MobileApp-main\QA-Automation-MobileApp-main. Please include a browserstack.yml/browserstack.yaml file containing configuration for tests.
	at com.browserstack.config.BrowserStackConfig.getInstance(Unknown Source)
	at com.browserstack.BrowserStackJavaAgent.b(Unknown Source)
	at com.browserstack.BrowserStackJavaAgent.a(Unknown Source)
	at com.browserstack.BrowserStackJavaAgent.premain(Unknown Source)
	at java.base/jdk.internal.reflect.NativeMethodAccessorImpl.invoke0(Native Method)
	at java.base/jdk.internal.reflect.NativeMethodAccessorImpl.invoke(NativeMethodAccessorImpl.java:77)
	at java.base/jdk.internal.reflect.DelegatingMethodAccessorImpl.invoke(DelegatingMethodAccessorImpl.java:43)
	at java.base/java.lang.reflect.Method.invoke(Method.java:568)
	at java.instrument/sun.instrument.InstrumentationImpl.loadClassAndStartAgent(InstrumentationImpl.java:491)
	at java.instrument/sun.instrument.InstrumentationImpl.loadClassAndCallPremain(InstrumentationImpl.java:503)

17:09:48.204 [main] INFO  c.browserstack.BrowserStackJavaAgent - Selenium version detected - 4.13.0
17:09:48.224 [main] INFO  c.browserstack.BrowserStackJavaAgent - Appium version detected - 8.6.0
17:09:49.356 [main] DEBUG c.b.config.BrowserStackConfig - Cli Config passed - {}
17:09:49.371 [main] INFO  c.browserstack.utils.UtilityMethods - BrowserStack Yml Detected : C:\browserstack.yml
17:09:49.372 [main] ERROR c.b.config.BrowserStackConfig - [Invalid Path] Config file does not exist at any parent directory of C:\Users\Shweta\Downloads\QA-Automation-MobileApp-main\QA-Automation-MobileApp-main. Please include a browserstack.yml/browserstack.yaml file containing configuration for tests.
17:09:49.374 [main] ERROR c.browserstack.BrowserStackJavaAgent - Something went wrong - java.lang.RuntimeException: [Invalid Path] Config file does not exist at any parent directory of C:\Users\Shweta\Downloads\QA-Automation-MobileApp-main\QA-Automation-MobileApp-main. Please include a browserstack.yml/browserstack.yaml file containing configuration for tests.
	at com.browserstack.config.BrowserStackConfig.getInstance(Unknown Source)
	at com.browserstack.BrowserStackJavaAgent.b(Unknown Source)
	at com.browserstack.BrowserStackJavaAgent.a(Unknown Source)
	at com.browserstack.BrowserStackJavaAgent.premain(Unknown Source)
	at java.base/jdk.internal.reflect.NativeMethodAccessorImpl.invoke0(Native Method)
	at java.base/jdk.internal.reflect.NativeMethodAccessorImpl.invoke(NativeMethodAccessorImpl.java:77)
	at java.base/jdk.internal.reflect.DelegatingMethodAccessorImpl.invoke(DelegatingMethodAccessorImpl.java:43)
	at java.base/java.lang.reflect.Method.invoke(Method.java:568)
	at java.instrument/sun.instrument.InstrumentationImpl.loadClassAndStartAgent(InstrumentationImpl.java:491)
	at java.instrument/sun.instrument.InstrumentationImpl.loadClassAndCallPremain(InstrumentationImpl.java:503)

17:11:02.692 [main] INFO  c.browserstack.BrowserStackJavaAgent - Selenium version detected - 4.13.0
17:11:02.710 [main] INFO  c.browserstack.BrowserStackJavaAgent - Appium version detected - 8.6.0
17:11:04.144 [main] DEBUG c.b.config.BrowserStackConfig - Cli Config passed - {}
17:11:04.156 [main] INFO  c.browserstack.utils.UtilityMethods - BrowserStack Yml Detected : C:\browserstack.yml
17:11:04.157 [main] ERROR c.b.config.BrowserStackConfig - [Invalid Path] Config file does not exist at any parent directory of C:\Users\Shweta\Downloads\QA-Automation-MobileApp-main\QA-Automation-MobileApp-main. Please include a browserstack.yml/browserstack.yaml file containing configuration for tests.
17:11:04.159 [main] ERROR c.browserstack.BrowserStackJavaAgent - Something went wrong - java.lang.RuntimeException: [Invalid Path] Config file does not exist at any parent directory of C:\Users\Shweta\Downloads\QA-Automation-MobileApp-main\QA-Automation-MobileApp-main. Please include a browserstack.yml/browserstack.yaml file containing configuration for tests.
	at com.browserstack.config.BrowserStackConfig.getInstance(Unknown Source)
	at com.browserstack.BrowserStackJavaAgent.b(Unknown Source)
	at com.browserstack.BrowserStackJavaAgent.a(Unknown Source)
	at com.browserstack.BrowserStackJavaAgent.premain(Unknown Source)
	at java.base/jdk.internal.reflect.NativeMethodAccessorImpl.invoke0(Native Method)
	at java.base/jdk.internal.reflect.NativeMethodAccessorImpl.invoke(NativeMethodAccessorImpl.java:77)
	at java.base/jdk.internal.reflect.DelegatingMethodAccessorImpl.invoke(DelegatingMethodAccessorImpl.java:43)
	at java.base/java.lang.reflect.Method.invoke(Method.java:568)
	at java.instrument/sun.instrument.InstrumentationImpl.loadClassAndStartAgent(InstrumentationImpl.java:491)
	at java.instrument/sun.instrument.InstrumentationImpl.loadClassAndCallPremain(InstrumentationImpl.java:503)

17:14:41.200 [main] INFO  c.browserstack.BrowserStackJavaAgent - Selenium version detected - 4.13.0
17:14:41.219 [main] INFO  c.browserstack.BrowserStackJavaAgent - Appium version detected - 8.6.0
17:14:42.478 [main] DEBUG c.b.config.BrowserStackConfig - Cli Config passed - {}
17:14:42.484 [main] INFO  c.browserstack.utils.UtilityMethods - BrowserStack Yml Detected : C:\browserstack.yml
17:14:42.484 [main] ERROR c.b.config.BrowserStackConfig - [Invalid Path] Config file does not exist at any parent directory of C:\Users\Shweta\Downloads\QA-Automation-MobileApp-main\QA-Automation-MobileApp-main. Please include a browserstack.yml/browserstack.yaml file containing configuration for tests.
17:14:42.487 [main] ERROR c.browserstack.BrowserStackJavaAgent - Something went wrong - java.lang.RuntimeException: [Invalid Path] Config file does not exist at any parent directory of C:\Users\Shweta\Downloads\QA-Automation-MobileApp-main\QA-Automation-MobileApp-main. Please include a browserstack.yml/browserstack.yaml file containing configuration for tests.
	at com.browserstack.config.BrowserStackConfig.getInstance(Unknown Source)
	at com.browserstack.BrowserStackJavaAgent.b(Unknown Source)
	at com.browserstack.BrowserStackJavaAgent.a(Unknown Source)
	at com.browserstack.BrowserStackJavaAgent.premain(Unknown Source)
	at java.base/jdk.internal.reflect.NativeMethodAccessorImpl.invoke0(Native Method)
	at java.base/jdk.internal.reflect.NativeMethodAccessorImpl.invoke(NativeMethodAccessorImpl.java:77)
	at java.base/jdk.internal.reflect.DelegatingMethodAccessorImpl.invoke(DelegatingMethodAccessorImpl.java:43)
	at java.base/java.lang.reflect.Method.invoke(Method.java:568)
	at java.instrument/sun.instrument.InstrumentationImpl.loadClassAndStartAgent(InstrumentationImpl.java:491)
	at java.instrument/sun.instrument.InstrumentationImpl.loadClassAndCallPremain(InstrumentationImpl.java:503)

09:08:08.848 [main] INFO  c.browserstack.BrowserStackJavaAgent - Selenium version detected - 4.13.0
09:08:08.858 [main] INFO  c.browserstack.BrowserStackJavaAgent - Appium version detected - 8.6.0
09:08:09.407 [main] DEBUG c.b.config.BrowserStackConfig - Cli Config passed - {}
09:08:09.415 [main] INFO  c.browserstack.utils.UtilityMethods - BrowserStack Yml Detected : C:\browserstack.yml
09:08:09.416 [main] ERROR c.b.config.BrowserStackConfig - [Invalid Path] Config file does not exist at any parent directory of C:\Users\Shweta\Downloads\QA-Automation-MobileApp-main\QA-Automation-MobileApp-main. Please include a browserstack.yml/browserstack.yaml file containing configuration for tests.
09:08:09.418 [main] ERROR c.browserstack.BrowserStackJavaAgent - Something went wrong - java.lang.RuntimeException: [Invalid Path] Config file does not exist at any parent directory of C:\Users\Shweta\Downloads\QA-Automation-MobileApp-main\QA-Automation-MobileApp-main. Please include a browserstack.yml/browserstack.yaml file containing configuration for tests.
	at com.browserstack.config.BrowserStackConfig.getInstance(Unknown Source)
	at com.browserstack.BrowserStackJavaAgent.b(Unknown Source)
	at com.browserstack.BrowserStackJavaAgent.a(Unknown Source)
	at com.browserstack.BrowserStackJavaAgent.premain(Unknown Source)
	at java.base/jdk.internal.reflect.NativeMethodAccessorImpl.invoke0(Native Method)
	at java.base/jdk.internal.reflect.NativeMethodAccessorImpl.invoke(NativeMethodAccessorImpl.java:77)
	at java.base/jdk.internal.reflect.DelegatingMethodAccessorImpl.invoke(DelegatingMethodAccessorImpl.java:43)
	at java.base/java.lang.reflect.Method.invoke(Method.java:568)
	at java.instrument/sun.instrument.InstrumentationImpl.loadClassAndStartAgent(InstrumentationImpl.java:491)
	at java.instrument/sun.instrument.InstrumentationImpl.loadClassAndCallPremain(InstrumentationImpl.java:503)

09:12:42.509 [main] INFO  c.browserstack.BrowserStackJavaAgent - Selenium version detected - 4.13.0
09:12:42.516 [main] INFO  c.browserstack.BrowserStackJavaAgent - Appium version detected - 8.6.0
09:12:42.974 [main] DEBUG c.b.config.BrowserStackConfig - Cli Config passed - {}
09:12:42.980 [main] INFO  c.browserstack.utils.UtilityMethods - BrowserStack Yml Detected : C:\browserstack.yml
09:12:42.980 [main] ERROR c.b.config.BrowserStackConfig - [Invalid Path] Config file does not exist at any parent directory of C:\Users\Shweta\Downloads\QA-Automation-MobileApp-main\QA-Automation-MobileApp-main. Please include a browserstack.yml/browserstack.yaml file containing configuration for tests.
09:12:42.982 [main] ERROR c.browserstack.BrowserStackJavaAgent - Something went wrong - java.lang.RuntimeException: [Invalid Path] Config file does not exist at any parent directory of C:\Users\Shweta\Downloads\QA-Automation-MobileApp-main\QA-Automation-MobileApp-main. Please include a browserstack.yml/browserstack.yaml file containing configuration for tests.
	at com.browserstack.config.BrowserStackConfig.getInstance(Unknown Source)
	at com.browserstack.BrowserStackJavaAgent.b(Unknown Source)
	at com.browserstack.BrowserStackJavaAgent.a(Unknown Source)
	at com.browserstack.BrowserStackJavaAgent.premain(Unknown Source)
	at java.base/jdk.internal.reflect.NativeMethodAccessorImpl.invoke0(Native Method)
	at java.base/jdk.internal.reflect.NativeMethodAccessorImpl.invoke(NativeMethodAccessorImpl.java:77)
	at java.base/jdk.internal.reflect.DelegatingMethodAccessorImpl.invoke(DelegatingMethodAccessorImpl.java:43)
	at java.base/java.lang.reflect.Method.invoke(Method.java:568)
	at java.instrument/sun.instrument.InstrumentationImpl.loadClassAndStartAgent(InstrumentationImpl.java:491)
	at java.instrument/sun.instrument.InstrumentationImpl.loadClassAndCallPremain(InstrumentationImpl.java:503)

09:22:28.500 [main] INFO  c.browserstack.BrowserStackJavaAgent - Selenium version detected - 4.13.0
09:22:28.505 [main] INFO  c.browserstack.BrowserStackJavaAgent - Appium version detected - 8.6.0
09:22:28.930 [main] DEBUG c.b.config.BrowserStackConfig - Cli Config passed - {}
09:22:28.934 [main] INFO  c.browserstack.utils.UtilityMethods - BrowserStack Yml Detected : C:\browserstack.yml
09:22:28.935 [main] ERROR c.b.config.BrowserStackConfig - [Invalid Path] Config file does not exist at any parent directory of C:\Users\Shweta\Downloads\QA-Automation-MobileApp-main\QA-Automation-MobileApp-main. Please include a browserstack.yml/browserstack.yaml file containing configuration for tests.
09:22:28.936 [main] ERROR c.browserstack.BrowserStackJavaAgent - Something went wrong - java.lang.RuntimeException: [Invalid Path] Config file does not exist at any parent directory of C:\Users\Shweta\Downloads\QA-Automation-MobileApp-main\QA-Automation-MobileApp-main. Please include a browserstack.yml/browserstack.yaml file containing configuration for tests.
	at com.browserstack.config.BrowserStackConfig.getInstance(Unknown Source)
	at com.browserstack.BrowserStackJavaAgent.b(Unknown Source)
	at com.browserstack.BrowserStackJavaAgent.a(Unknown Source)
	at com.browserstack.BrowserStackJavaAgent.premain(Unknown Source)
	at java.base/jdk.internal.reflect.NativeMethodAccessorImpl.invoke0(Native Method)
	at java.base/jdk.internal.reflect.NativeMethodAccessorImpl.invoke(NativeMethodAccessorImpl.java:77)
	at java.base/jdk.internal.reflect.DelegatingMethodAccessorImpl.invoke(DelegatingMethodAccessorImpl.java:43)
	at java.base/java.lang.reflect.Method.invoke(Method.java:568)
	at java.instrument/sun.instrument.InstrumentationImpl.loadClassAndStartAgent(InstrumentationImpl.java:491)
	at java.instrument/sun.instrument.InstrumentationImpl.loadClassAndCallPremain(InstrumentationImpl.java:503)

09:27:28.126 [main] INFO  c.browserstack.BrowserStackJavaAgent - Selenium version detected - 4.13.0
09:27:28.131 [main] INFO  c.browserstack.BrowserStackJavaAgent - Appium version detected - 8.6.0
09:27:28.656 [main] DEBUG c.b.config.BrowserStackConfig - Cli Config passed - {}
09:27:28.659 [main] INFO  c.browserstack.utils.UtilityMethods - BrowserStack Yml Detected : C:\browserstack.yml
09:27:28.659 [main] ERROR c.b.config.BrowserStackConfig - [Invalid Path] Config file does not exist at any parent directory of C:\Users\Shweta\Downloads\QA-Automation-MobileApp-main\QA-Automation-MobileApp-main. Please include a browserstack.yml/browserstack.yaml file containing configuration for tests.
09:27:28.660 [main] ERROR c.browserstack.BrowserStackJavaAgent - Something went wrong - java.lang.RuntimeException: [Invalid Path] Config file does not exist at any parent directory of C:\Users\Shweta\Downloads\QA-Automation-MobileApp-main\QA-Automation-MobileApp-main. Please include a browserstack.yml/browserstack.yaml file containing configuration for tests.
	at com.browserstack.config.BrowserStackConfig.getInstance(Unknown Source)
	at com.browserstack.BrowserStackJavaAgent.b(Unknown Source)
	at com.browserstack.BrowserStackJavaAgent.a(Unknown Source)
	at com.browserstack.BrowserStackJavaAgent.premain(Unknown Source)
	at java.base/jdk.internal.reflect.NativeMethodAccessorImpl.invoke0(Native Method)
	at java.base/jdk.internal.reflect.NativeMethodAccessorImpl.invoke(NativeMethodAccessorImpl.java:77)
	at java.base/jdk.internal.reflect.DelegatingMethodAccessorImpl.invoke(DelegatingMethodAccessorImpl.java:43)
	at java.base/java.lang.reflect.Method.invoke(Method.java:568)
	at java.instrument/sun.instrument.InstrumentationImpl.loadClassAndStartAgent(InstrumentationImpl.java:491)
	at java.instrument/sun.instrument.InstrumentationImpl.loadClassAndCallPremain(InstrumentationImpl.java:503)

09:29:43.736 [main] INFO  c.browserstack.BrowserStackJavaAgent - Selenium version detected - 4.13.0
09:29:43.744 [main] INFO  c.browserstack.BrowserStackJavaAgent - Appium version detected - 8.6.0
09:29:44.242 [main] DEBUG c.b.config.BrowserStackConfig - Cli Config passed - {}
09:29:44.247 [main] INFO  c.browserstack.utils.UtilityMethods - BrowserStack Yml Detected : C:\browserstack.yml
09:29:44.247 [main] ERROR c.b.config.BrowserStackConfig - [Invalid Path] Config file does not exist at any parent directory of C:\Users\Shweta\Downloads\QA-Automation-MobileApp-main\QA-Automation-MobileApp-main. Please include a browserstack.yml/browserstack.yaml file containing configuration for tests.
09:29:44.249 [main] ERROR c.browserstack.BrowserStackJavaAgent - Something went wrong - java.lang.RuntimeException: [Invalid Path] Config file does not exist at any parent directory of C:\Users\Shweta\Downloads\QA-Automation-MobileApp-main\QA-Automation-MobileApp-main. Please include a browserstack.yml/browserstack.yaml file containing configuration for tests.
	at com.browserstack.config.BrowserStackConfig.getInstance(Unknown Source)
	at com.browserstack.BrowserStackJavaAgent.b(Unknown Source)
	at com.browserstack.BrowserStackJavaAgent.a(Unknown Source)
	at com.browserstack.BrowserStackJavaAgent.premain(Unknown Source)
	at java.base/jdk.internal.reflect.NativeMethodAccessorImpl.invoke0(Native Method)
	at java.base/jdk.internal.reflect.NativeMethodAccessorImpl.invoke(NativeMethodAccessorImpl.java:77)
	at java.base/jdk.internal.reflect.DelegatingMethodAccessorImpl.invoke(DelegatingMethodAccessorImpl.java:43)
	at java.base/java.lang.reflect.Method.invoke(Method.java:568)
	at java.instrument/sun.instrument.InstrumentationImpl.loadClassAndStartAgent(InstrumentationImpl.java:491)
	at java.instrument/sun.instrument.InstrumentationImpl.loadClassAndCallPremain(InstrumentationImpl.java:503)

09:35:42.715 [main] INFO  c.browserstack.BrowserStackJavaAgent - Selenium version detected - 4.13.0
09:35:42.720 [main] INFO  c.browserstack.BrowserStackJavaAgent - Appium version detected - 8.6.0
09:35:43.152 [main] DEBUG c.b.config.BrowserStackConfig - Cli Config passed - {}
09:35:43.157 [main] INFO  c.browserstack.utils.UtilityMethods - BrowserStack Yml Detected : C:\browserstack.yml
09:35:43.158 [main] ERROR c.b.config.BrowserStackConfig - [Invalid Path] Config file does not exist at any parent directory of C:\Users\Shweta\Downloads\QA-Automation-MobileApp-main\QA-Automation-MobileApp-main. Please include a browserstack.yml/browserstack.yaml file containing configuration for tests.
09:35:43.159 [main] ERROR c.browserstack.BrowserStackJavaAgent - Something went wrong - java.lang.RuntimeException: [Invalid Path] Config file does not exist at any parent directory of C:\Users\Shweta\Downloads\QA-Automation-MobileApp-main\QA-Automation-MobileApp-main. Please include a browserstack.yml/browserstack.yaml file containing configuration for tests.
	at com.browserstack.config.BrowserStackConfig.getInstance(Unknown Source)
	at com.browserstack.BrowserStackJavaAgent.b(Unknown Source)
	at com.browserstack.BrowserStackJavaAgent.a(Unknown Source)
	at com.browserstack.BrowserStackJavaAgent.premain(Unknown Source)
	at java.base/jdk.internal.reflect.NativeMethodAccessorImpl.invoke0(Native Method)
	at java.base/jdk.internal.reflect.NativeMethodAccessorImpl.invoke(NativeMethodAccessorImpl.java:77)
	at java.base/jdk.internal.reflect.DelegatingMethodAccessorImpl.invoke(DelegatingMethodAccessorImpl.java:43)
	at java.base/java.lang.reflect.Method.invoke(Method.java:568)
	at java.instrument/sun.instrument.InstrumentationImpl.loadClassAndStartAgent(InstrumentationImpl.java:491)
	at java.instrument/sun.instrument.InstrumentationImpl.loadClassAndCallPremain(InstrumentationImpl.java:503)

09:39:01.680 [main] INFO  c.browserstack.BrowserStackJavaAgent - Selenium version detected - 4.13.0
09:39:01.691 [main] INFO  c.browserstack.BrowserStackJavaAgent - Appium version detected - 8.6.0
09:39:02.705 [main] DEBUG c.b.config.BrowserStackConfig - Cli Config passed - {}
09:39:02.710 [main] INFO  c.browserstack.utils.UtilityMethods - BrowserStack Yml Detected : C:\browserstack.yml
09:39:02.710 [main] ERROR c.b.config.BrowserStackConfig - [Invalid Path] Config file does not exist at any parent directory of C:\Users\Shweta\Downloads\QA-Automation-MobileApp-main\QA-Automation-MobileApp-main. Please include a browserstack.yml/browserstack.yaml file containing configuration for tests.
09:39:02.711 [main] ERROR c.browserstack.BrowserStackJavaAgent - Something went wrong - java.lang.RuntimeException: [Invalid Path] Config file does not exist at any parent directory of C:\Users\Shweta\Downloads\QA-Automation-MobileApp-main\QA-Automation-MobileApp-main. Please include a browserstack.yml/browserstack.yaml file containing configuration for tests.
	at com.browserstack.config.BrowserStackConfig.getInstance(Unknown Source)
	at com.browserstack.BrowserStackJavaAgent.b(Unknown Source)
	at com.browserstack.BrowserStackJavaAgent.a(Unknown Source)
	at com.browserstack.BrowserStackJavaAgent.premain(Unknown Source)
	at java.base/jdk.internal.reflect.NativeMethodAccessorImpl.invoke0(Native Method)
	at java.base/jdk.internal.reflect.NativeMethodAccessorImpl.invoke(NativeMethodAccessorImpl.java:77)
	at java.base/jdk.internal.reflect.DelegatingMethodAccessorImpl.invoke(DelegatingMethodAccessorImpl.java:43)
	at java.base/java.lang.reflect.Method.invoke(Method.java:568)
	at java.instrument/sun.instrument.InstrumentationImpl.loadClassAndStartAgent(InstrumentationImpl.java:491)
	at java.instrument/sun.instrument.InstrumentationImpl.loadClassAndCallPremain(InstrumentationImpl.java:503)

09:45:33.278 [main] INFO  c.browserstack.BrowserStackJavaAgent - Selenium version detected - 4.13.0
09:45:33.283 [main] INFO  c.browserstack.BrowserStackJavaAgent - Appium version detected - 8.6.0
09:45:33.756 [main] DEBUG c.b.config.BrowserStackConfig - Cli Config passed - {}
09:45:33.762 [main] INFO  c.browserstack.utils.UtilityMethods - BrowserStack Yml Detected : C:\browserstack.yml
09:45:33.762 [main] ERROR c.b.config.BrowserStackConfig - [Invalid Path] Config file does not exist at any parent directory of C:\Users\Shweta\Downloads\QA-Automation-MobileApp-main\QA-Automation-MobileApp-main. Please include a browserstack.yml/browserstack.yaml file containing configuration for tests.
09:45:33.763 [main] ERROR c.browserstack.BrowserStackJavaAgent - Something went wrong - java.lang.RuntimeException: [Invalid Path] Config file does not exist at any parent directory of C:\Users\Shweta\Downloads\QA-Automation-MobileApp-main\QA-Automation-MobileApp-main. Please include a browserstack.yml/browserstack.yaml file containing configuration for tests.
	at com.browserstack.config.BrowserStackConfig.getInstance(Unknown Source)
	at com.browserstack.BrowserStackJavaAgent.b(Unknown Source)
	at com.browserstack.BrowserStackJavaAgent.a(Unknown Source)
	at com.browserstack.BrowserStackJavaAgent.premain(Unknown Source)
	at java.base/jdk.internal.reflect.NativeMethodAccessorImpl.invoke0(Native Method)
	at java.base/jdk.internal.reflect.NativeMethodAccessorImpl.invoke(NativeMethodAccessorImpl.java:77)
	at java.base/jdk.internal.reflect.DelegatingMethodAccessorImpl.invoke(DelegatingMethodAccessorImpl.java:43)
	at java.base/java.lang.reflect.Method.invoke(Method.java:568)
	at java.instrument/sun.instrument.InstrumentationImpl.loadClassAndStartAgent(InstrumentationImpl.java:491)
	at java.instrument/sun.instrument.InstrumentationImpl.loadClassAndCallPremain(InstrumentationImpl.java:503)

09:48:34.695 [main] INFO  c.browserstack.BrowserStackJavaAgent - Selenium version detected - 4.13.0
09:48:34.699 [main] INFO  c.browserstack.BrowserStackJavaAgent - Appium version detected - 8.6.0
09:48:35.074 [main] DEBUG c.b.config.BrowserStackConfig - Cli Config passed - {}
09:48:35.078 [main] INFO  c.browserstack.utils.UtilityMethods - BrowserStack Yml Detected : C:\browserstack.yml
09:48:35.078 [main] ERROR c.b.config.BrowserStackConfig - [Invalid Path] Config file does not exist at any parent directory of C:\Users\Shweta\Downloads\QA-Automation-MobileApp-main\QA-Automation-MobileApp-main. Please include a browserstack.yml/browserstack.yaml file containing configuration for tests.
09:48:35.079 [main] ERROR c.browserstack.BrowserStackJavaAgent - Something went wrong - java.lang.RuntimeException: [Invalid Path] Config file does not exist at any parent directory of C:\Users\Shweta\Downloads\QA-Automation-MobileApp-main\QA-Automation-MobileApp-main. Please include a browserstack.yml/browserstack.yaml file containing configuration for tests.
	at com.browserstack.config.BrowserStackConfig.getInstance(Unknown Source)
	at com.browserstack.BrowserStackJavaAgent.b(Unknown Source)
	at com.browserstack.BrowserStackJavaAgent.a(Unknown Source)
	at com.browserstack.BrowserStackJavaAgent.premain(Unknown Source)
	at java.base/jdk.internal.reflect.NativeMethodAccessorImpl.invoke0(Native Method)
	at java.base/jdk.internal.reflect.NativeMethodAccessorImpl.invoke(NativeMethodAccessorImpl.java:77)
	at java.base/jdk.internal.reflect.DelegatingMethodAccessorImpl.invoke(DelegatingMethodAccessorImpl.java:43)
	at java.base/java.lang.reflect.Method.invoke(Method.java:568)
	at java.instrument/sun.instrument.InstrumentationImpl.loadClassAndStartAgent(InstrumentationImpl.java:491)
	at java.instrument/sun.instrument.InstrumentationImpl.loadClassAndCallPremain(InstrumentationImpl.java:503)

10:00:38.264 [main] INFO  c.browserstack.BrowserStackJavaAgent - Selenium version detected - 4.13.0
10:00:38.271 [main] INFO  c.browserstack.BrowserStackJavaAgent - Appium version detected - 8.6.0
10:00:38.764 [main] DEBUG c.b.config.BrowserStackConfig - Cli Config passed - {}
10:00:38.772 [main] INFO  c.browserstack.utils.UtilityMethods - BrowserStack Yml Detected : C:\browserstack.yml
10:00:38.773 [main] ERROR c.b.config.BrowserStackConfig - [Invalid Path] Config file does not exist at any parent directory of C:\Users\Shweta\Downloads\QA-Automation-MobileApp-main\QA-Automation-MobileApp-main. Please include a browserstack.yml/browserstack.yaml file containing configuration for tests.
10:00:38.774 [main] ERROR c.browserstack.BrowserStackJavaAgent - Something went wrong - java.lang.RuntimeException: [Invalid Path] Config file does not exist at any parent directory of C:\Users\Shweta\Downloads\QA-Automation-MobileApp-main\QA-Automation-MobileApp-main. Please include a browserstack.yml/browserstack.yaml file containing configuration for tests.
	at com.browserstack.config.BrowserStackConfig.getInstance(Unknown Source)
	at com.browserstack.BrowserStackJavaAgent.b(Unknown Source)
	at com.browserstack.BrowserStackJavaAgent.a(Unknown Source)
	at com.browserstack.BrowserStackJavaAgent.premain(Unknown Source)
	at java.base/jdk.internal.reflect.NativeMethodAccessorImpl.invoke0(Native Method)
	at java.base/jdk.internal.reflect.NativeMethodAccessorImpl.invoke(NativeMethodAccessorImpl.java:77)
	at java.base/jdk.internal.reflect.DelegatingMethodAccessorImpl.invoke(DelegatingMethodAccessorImpl.java:43)
	at java.base/java.lang.reflect.Method.invoke(Method.java:568)
	at java.instrument/sun.instrument.InstrumentationImpl.loadClassAndStartAgent(InstrumentationImpl.java:491)
	at java.instrument/sun.instrument.InstrumentationImpl.loadClassAndCallPremain(InstrumentationImpl.java:503)

10:08:35.713 [main] INFO  c.browserstack.BrowserStackJavaAgent - Selenium version detected - 4.13.0
10:08:35.718 [main] INFO  c.browserstack.BrowserStackJavaAgent - Appium version detected - 8.6.0
10:08:36.391 [main] DEBUG c.b.config.BrowserStackConfig - Cli Config passed - {}
10:08:36.400 [main] INFO  c.browserstack.utils.UtilityMethods - BrowserStack Yml Detected : C:\browserstack.yml
10:08:36.400 [main] ERROR c.b.config.BrowserStackConfig - [Invalid Path] Config file does not exist at any parent directory of C:\Users\Shweta\Downloads\QA-Automation-MobileApp-main\QA-Automation-MobileApp-main. Please include a browserstack.yml/browserstack.yaml file containing configuration for tests.
10:08:36.402 [main] ERROR c.browserstack.BrowserStackJavaAgent - Something went wrong - java.lang.RuntimeException: [Invalid Path] Config file does not exist at any parent directory of C:\Users\Shweta\Downloads\QA-Automation-MobileApp-main\QA-Automation-MobileApp-main. Please include a browserstack.yml/browserstack.yaml file containing configuration for tests.
	at com.browserstack.config.BrowserStackConfig.getInstance(Unknown Source)
	at com.browserstack.BrowserStackJavaAgent.b(Unknown Source)
	at com.browserstack.BrowserStackJavaAgent.a(Unknown Source)
	at com.browserstack.BrowserStackJavaAgent.premain(Unknown Source)
	at java.base/jdk.internal.reflect.NativeMethodAccessorImpl.invoke0(Native Method)
	at java.base/jdk.internal.reflect.NativeMethodAccessorImpl.invoke(NativeMethodAccessorImpl.java:77)
	at java.base/jdk.internal.reflect.DelegatingMethodAccessorImpl.invoke(DelegatingMethodAccessorImpl.java:43)
	at java.base/java.lang.reflect.Method.invoke(Method.java:568)
	at java.instrument/sun.instrument.InstrumentationImpl.loadClassAndStartAgent(InstrumentationImpl.java:491)
	at java.instrument/sun.instrument.InstrumentationImpl.loadClassAndCallPremain(InstrumentationImpl.java:503)

10:12:51.425 [main] INFO  c.browserstack.BrowserStackJavaAgent - Selenium version detected - 4.13.0
10:12:51.431 [main] INFO  c.browserstack.BrowserStackJavaAgent - Appium version detected - 8.6.0
10:12:51.860 [main] DEBUG c.b.config.BrowserStackConfig - Cli Config passed - {}
10:12:51.865 [main] INFO  c.browserstack.utils.UtilityMethods - BrowserStack Yml Detected : C:\browserstack.yml
10:12:51.865 [main] ERROR c.b.config.BrowserStackConfig - [Invalid Path] Config file does not exist at any parent directory of C:\Users\Shweta\Downloads\QA-Automation-MobileApp-main\QA-Automation-MobileApp-main. Please include a browserstack.yml/browserstack.yaml file containing configuration for tests.
10:12:51.867 [main] ERROR c.browserstack.BrowserStackJavaAgent - Something went wrong - java.lang.RuntimeException: [Invalid Path] Config file does not exist at any parent directory of C:\Users\Shweta\Downloads\QA-Automation-MobileApp-main\QA-Automation-MobileApp-main. Please include a browserstack.yml/browserstack.yaml file containing configuration for tests.
	at com.browserstack.config.BrowserStackConfig.getInstance(Unknown Source)
	at com.browserstack.BrowserStackJavaAgent.b(Unknown Source)
	at com.browserstack.BrowserStackJavaAgent.a(Unknown Source)
	at com.browserstack.BrowserStackJavaAgent.premain(Unknown Source)
	at java.base/jdk.internal.reflect.NativeMethodAccessorImpl.invoke0(Native Method)
	at java.base/jdk.internal.reflect.NativeMethodAccessorImpl.invoke(NativeMethodAccessorImpl.java:77)
	at java.base/jdk.internal.reflect.DelegatingMethodAccessorImpl.invoke(DelegatingMethodAccessorImpl.java:43)
	at java.base/java.lang.reflect.Method.invoke(Method.java:568)
	at java.instrument/sun.instrument.InstrumentationImpl.loadClassAndStartAgent(InstrumentationImpl.java:491)
	at java.instrument/sun.instrument.InstrumentationImpl.loadClassAndCallPremain(InstrumentationImpl.java:503)

10:17:11.091 [main] INFO  c.browserstack.BrowserStackJavaAgent - Selenium version detected - 4.13.0
10:17:11.097 [main] INFO  c.browserstack.BrowserStackJavaAgent - Appium version detected - 8.6.0
10:17:11.545 [main] DEBUG c.b.config.BrowserStackConfig - Cli Config passed - {}
10:17:11.550 [main] INFO  c.browserstack.utils.UtilityMethods - BrowserStack Yml Detected : C:\browserstack.yml
10:17:11.550 [main] ERROR c.b.config.BrowserStackConfig - [Invalid Path] Config file does not exist at any parent directory of C:\Users\Shweta\Downloads\QA-Automation-MobileApp-main\QA-Automation-MobileApp-main. Please include a browserstack.yml/browserstack.yaml file containing configuration for tests.
10:17:11.551 [main] ERROR c.browserstack.BrowserStackJavaAgent - Something went wrong - java.lang.RuntimeException: [Invalid Path] Config file does not exist at any parent directory of C:\Users\Shweta\Downloads\QA-Automation-MobileApp-main\QA-Automation-MobileApp-main. Please include a browserstack.yml/browserstack.yaml file containing configuration for tests.
	at com.browserstack.config.BrowserStackConfig.getInstance(Unknown Source)
	at com.browserstack.BrowserStackJavaAgent.b(Unknown Source)
	at com.browserstack.BrowserStackJavaAgent.a(Unknown Source)
	at com.browserstack.BrowserStackJavaAgent.premain(Unknown Source)
	at java.base/jdk.internal.reflect.NativeMethodAccessorImpl.invoke0(Native Method)
	at java.base/jdk.internal.reflect.NativeMethodAccessorImpl.invoke(NativeMethodAccessorImpl.java:77)
	at java.base/jdk.internal.reflect.DelegatingMethodAccessorImpl.invoke(DelegatingMethodAccessorImpl.java:43)
	at java.base/java.lang.reflect.Method.invoke(Method.java:568)
	at java.instrument/sun.instrument.InstrumentationImpl.loadClassAndStartAgent(InstrumentationImpl.java:491)
	at java.instrument/sun.instrument.InstrumentationImpl.loadClassAndCallPremain(InstrumentationImpl.java:503)

10:19:51.897 [main] INFO  c.browserstack.BrowserStackJavaAgent - Selenium version detected - 4.13.0
10:19:51.903 [main] INFO  c.browserstack.BrowserStackJavaAgent - Appium version detected - 8.6.0
10:19:52.490 [main] DEBUG c.b.config.BrowserStackConfig - Cli Config passed - {}
10:19:52.500 [main] INFO  c.browserstack.utils.UtilityMethods - BrowserStack Yml Detected : C:\browserstack.yml
10:19:52.501 [main] ERROR c.b.config.BrowserStackConfig - [Invalid Path] Config file does not exist at any parent directory of C:\Users\Shweta\Downloads\QA-Automation-MobileApp-main\QA-Automation-MobileApp-main. Please include a browserstack.yml/browserstack.yaml file containing configuration for tests.
10:19:52.506 [main] ERROR c.browserstack.BrowserStackJavaAgent - Something went wrong - java.lang.RuntimeException: [Invalid Path] Config file does not exist at any parent directory of C:\Users\Shweta\Downloads\QA-Automation-MobileApp-main\QA-Automation-MobileApp-main. Please include a browserstack.yml/browserstack.yaml file containing configuration for tests.
	at com.browserstack.config.BrowserStackConfig.getInstance(Unknown Source)
	at com.browserstack.BrowserStackJavaAgent.b(Unknown Source)
	at com.browserstack.BrowserStackJavaAgent.a(Unknown Source)
	at com.browserstack.BrowserStackJavaAgent.premain(Unknown Source)
	at java.base/jdk.internal.reflect.NativeMethodAccessorImpl.invoke0(Native Method)
	at java.base/jdk.internal.reflect.NativeMethodAccessorImpl.invoke(NativeMethodAccessorImpl.java:77)
	at java.base/jdk.internal.reflect.DelegatingMethodAccessorImpl.invoke(DelegatingMethodAccessorImpl.java:43)
	at java.base/java.lang.reflect.Method.invoke(Method.java:568)
	at java.instrument/sun.instrument.InstrumentationImpl.loadClassAndStartAgent(InstrumentationImpl.java:491)
	at java.instrument/sun.instrument.InstrumentationImpl.loadClassAndCallPremain(InstrumentationImpl.java:503)

10:27:22.167 [main] INFO  c.browserstack.BrowserStackJavaAgent - Selenium version detected - 4.13.0
10:27:22.173 [main] INFO  c.browserstack.BrowserStackJavaAgent - Appium version detected - 8.6.0
10:27:22.666 [main] DEBUG c.b.config.BrowserStackConfig - Cli Config passed - {}
10:27:22.670 [main] INFO  c.browserstack.utils.UtilityMethods - BrowserStack Yml Detected : C:\browserstack.yml
10:27:22.671 [main] ERROR c.b.config.BrowserStackConfig - [Invalid Path] Config file does not exist at any parent directory of C:\Users\Shweta\Downloads\QA-Automation-MobileApp-main\QA-Automation-MobileApp-main. Please include a browserstack.yml/browserstack.yaml file containing configuration for tests.
10:27:22.673 [main] ERROR c.browserstack.BrowserStackJavaAgent - Something went wrong - java.lang.RuntimeException: [Invalid Path] Config file does not exist at any parent directory of C:\Users\Shweta\Downloads\QA-Automation-MobileApp-main\QA-Automation-MobileApp-main. Please include a browserstack.yml/browserstack.yaml file containing configuration for tests.
	at com.browserstack.config.BrowserStackConfig.getInstance(Unknown Source)
	at com.browserstack.BrowserStackJavaAgent.b(Unknown Source)
	at com.browserstack.BrowserStackJavaAgent.a(Unknown Source)
	at com.browserstack.BrowserStackJavaAgent.premain(Unknown Source)
	at java.base/jdk.internal.reflect.NativeMethodAccessorImpl.invoke0(Native Method)
	at java.base/jdk.internal.reflect.NativeMethodAccessorImpl.invoke(NativeMethodAccessorImpl.java:77)
	at java.base/jdk.internal.reflect.DelegatingMethodAccessorImpl.invoke(DelegatingMethodAccessorImpl.java:43)
	at java.base/java.lang.reflect.Method.invoke(Method.java:568)
	at java.instrument/sun.instrument.InstrumentationImpl.loadClassAndStartAgent(InstrumentationImpl.java:491)
	at java.instrument/sun.instrument.InstrumentationImpl.loadClassAndCallPremain(InstrumentationImpl.java:503)

10:36:04.699 [main] INFO  c.browserstack.BrowserStackJavaAgent - Selenium version detected - 4.13.0
10:36:04.709 [main] INFO  c.browserstack.BrowserStackJavaAgent - Appium version detected - 8.6.0
10:36:05.276 [main] DEBUG c.b.config.BrowserStackConfig - Cli Config passed - {}
10:36:05.280 [main] INFO  c.browserstack.utils.UtilityMethods - BrowserStack Yml Detected : C:\browserstack.yml
10:36:05.280 [main] ERROR c.b.config.BrowserStackConfig - [Invalid Path] Config file does not exist at any parent directory of C:\Users\Shweta\Downloads\QA-Automation-MobileApp-main\QA-Automation-MobileApp-main. Please include a browserstack.yml/browserstack.yaml file containing configuration for tests.
10:36:05.284 [main] ERROR c.browserstack.BrowserStackJavaAgent - Something went wrong - java.lang.RuntimeException: [Invalid Path] Config file does not exist at any parent directory of C:\Users\Shweta\Downloads\QA-Automation-MobileApp-main\QA-Automation-MobileApp-main. Please include a browserstack.yml/browserstack.yaml file containing configuration for tests.
	at com.browserstack.config.BrowserStackConfig.getInstance(Unknown Source)
	at com.browserstack.BrowserStackJavaAgent.b(Unknown Source)
	at com.browserstack.BrowserStackJavaAgent.a(Unknown Source)
	at com.browserstack.BrowserStackJavaAgent.premain(Unknown Source)
	at java.base/jdk.internal.reflect.NativeMethodAccessorImpl.invoke0(Native Method)
	at java.base/jdk.internal.reflect.NativeMethodAccessorImpl.invoke(NativeMethodAccessorImpl.java:77)
	at java.base/jdk.internal.reflect.DelegatingMethodAccessorImpl.invoke(DelegatingMethodAccessorImpl.java:43)
	at java.base/java.lang.reflect.Method.invoke(Method.java:568)
	at java.instrument/sun.instrument.InstrumentationImpl.loadClassAndStartAgent(InstrumentationImpl.java:491)
	at java.instrument/sun.instrument.InstrumentationImpl.loadClassAndCallPremain(InstrumentationImpl.java:503)

10:42:16.427 [main] INFO  c.browserstack.BrowserStackJavaAgent - Selenium version detected - 4.13.0
10:42:16.436 [main] INFO  c.browserstack.BrowserStackJavaAgent - Appium version detected - 8.6.0
10:42:16.872 [main] DEBUG c.b.config.BrowserStackConfig - Cli Config passed - {}
10:42:16.876 [main] INFO  c.browserstack.utils.UtilityMethods - BrowserStack Yml Detected : C:\browserstack.yml
10:42:16.877 [main] ERROR c.b.config.BrowserStackConfig - [Invalid Path] Config file does not exist at any parent directory of C:\Users\Shweta\Downloads\QA-Automation-MobileApp-main\QA-Automation-MobileApp-main. Please include a browserstack.yml/browserstack.yaml file containing configuration for tests.
10:42:16.878 [main] ERROR c.browserstack.BrowserStackJavaAgent - Something went wrong - java.lang.RuntimeException: [Invalid Path] Config file does not exist at any parent directory of C:\Users\Shweta\Downloads\QA-Automation-MobileApp-main\QA-Automation-MobileApp-main. Please include a browserstack.yml/browserstack.yaml file containing configuration for tests.
	at com.browserstack.config.BrowserStackConfig.getInstance(Unknown Source)
	at com.browserstack.BrowserStackJavaAgent.b(Unknown Source)
	at com.browserstack.BrowserStackJavaAgent.a(Unknown Source)
	at com.browserstack.BrowserStackJavaAgent.premain(Unknown Source)
	at java.base/jdk.internal.reflect.NativeMethodAccessorImpl.invoke0(Native Method)
	at java.base/jdk.internal.reflect.NativeMethodAccessorImpl.invoke(NativeMethodAccessorImpl.java:77)
	at java.base/jdk.internal.reflect.DelegatingMethodAccessorImpl.invoke(DelegatingMethodAccessorImpl.java:43)
	at java.base/java.lang.reflect.Method.invoke(Method.java:568)
	at java.instrument/sun.instrument.InstrumentationImpl.loadClassAndStartAgent(InstrumentationImpl.java:491)
	at java.instrument/sun.instrument.InstrumentationImpl.loadClassAndCallPremain(InstrumentationImpl.java:503)

10:42:48.758 [main] INFO  c.browserstack.BrowserStackJavaAgent - Selenium version detected - 4.13.0
10:42:48.763 [main] INFO  c.browserstack.BrowserStackJavaAgent - Appium version detected - 8.6.0
10:42:49.140 [main] DEBUG c.b.config.BrowserStackConfig - Cli Config passed - {}
10:42:49.144 [main] INFO  c.browserstack.utils.UtilityMethods - BrowserStack Yml Detected : C:\browserstack.yml
10:42:49.144 [main] ERROR c.b.config.BrowserStackConfig - [Invalid Path] Config file does not exist at any parent directory of C:\Users\Shweta\Downloads\QA-Automation-MobileApp-main\QA-Automation-MobileApp-main. Please include a browserstack.yml/browserstack.yaml file containing configuration for tests.
10:42:49.146 [main] ERROR c.browserstack.BrowserStackJavaAgent - Something went wrong - java.lang.RuntimeException: [Invalid Path] Config file does not exist at any parent directory of C:\Users\Shweta\Downloads\QA-Automation-MobileApp-main\QA-Automation-MobileApp-main. Please include a browserstack.yml/browserstack.yaml file containing configuration for tests.
	at com.browserstack.config.BrowserStackConfig.getInstance(Unknown Source)
	at com.browserstack.BrowserStackJavaAgent.b(Unknown Source)
	at com.browserstack.BrowserStackJavaAgent.a(Unknown Source)
	at com.browserstack.BrowserStackJavaAgent.premain(Unknown Source)
	at java.base/jdk.internal.reflect.NativeMethodAccessorImpl.invoke0(Native Method)
	at java.base/jdk.internal.reflect.NativeMethodAccessorImpl.invoke(NativeMethodAccessorImpl.java:77)
	at java.base/jdk.internal.reflect.DelegatingMethodAccessorImpl.invoke(DelegatingMethodAccessorImpl.java:43)
	at java.base/java.lang.reflect.Method.invoke(Method.java:568)
	at java.instrument/sun.instrument.InstrumentationImpl.loadClassAndStartAgent(InstrumentationImpl.java:491)
	at java.instrument/sun.instrument.InstrumentationImpl.loadClassAndCallPremain(InstrumentationImpl.java:503)

10:56:23.999 [main] INFO  c.browserstack.BrowserStackJavaAgent - Selenium version detected - 4.13.0
10:56:24.004 [main] INFO  c.browserstack.BrowserStackJavaAgent - Appium version detected - 8.6.0
10:56:24.456 [main] DEBUG c.b.config.BrowserStackConfig - Cli Config passed - {}
10:56:24.461 [main] INFO  c.browserstack.utils.UtilityMethods - BrowserStack Yml Detected : C:\browserstack.yml
10:56:24.461 [main] ERROR c.b.config.BrowserStackConfig - [Invalid Path] Config file does not exist at any parent directory of C:\Users\Shweta\Downloads\QA-Automation-MobileApp-main\QA-Automation-MobileApp-main. Please include a browserstack.yml/browserstack.yaml file containing configuration for tests.
10:56:24.462 [main] ERROR c.browserstack.BrowserStackJavaAgent - Something went wrong - java.lang.RuntimeException: [Invalid Path] Config file does not exist at any parent directory of C:\Users\Shweta\Downloads\QA-Automation-MobileApp-main\QA-Automation-MobileApp-main. Please include a browserstack.yml/browserstack.yaml file containing configuration for tests.
	at com.browserstack.config.BrowserStackConfig.getInstance(Unknown Source)
	at com.browserstack.BrowserStackJavaAgent.b(Unknown Source)
	at com.browserstack.BrowserStackJavaAgent.a(Unknown Source)
	at com.browserstack.BrowserStackJavaAgent.premain(Unknown Source)
	at java.base/jdk.internal.reflect.NativeMethodAccessorImpl.invoke0(Native Method)
	at java.base/jdk.internal.reflect.NativeMethodAccessorImpl.invoke(NativeMethodAccessorImpl.java:77)
	at java.base/jdk.internal.reflect.DelegatingMethodAccessorImpl.invoke(DelegatingMethodAccessorImpl.java:43)
	at java.base/java.lang.reflect.Method.invoke(Method.java:568)
	at java.instrument/sun.instrument.InstrumentationImpl.loadClassAndStartAgent(InstrumentationImpl.java:491)
	at java.instrument/sun.instrument.InstrumentationImpl.loadClassAndCallPremain(InstrumentationImpl.java:503)

10:59:07.126 [main] INFO  c.browserstack.BrowserStackJavaAgent - Selenium version detected - 4.13.0
10:59:07.131 [main] INFO  c.browserstack.BrowserStackJavaAgent - Appium version detected - 8.6.0
10:59:07.543 [main] DEBUG c.b.config.BrowserStackConfig - Cli Config passed - {}
10:59:07.547 [main] INFO  c.browserstack.utils.UtilityMethods - BrowserStack Yml Detected : C:\browserstack.yml
10:59:07.547 [main] ERROR c.b.config.BrowserStackConfig - [Invalid Path] Config file does not exist at any parent directory of C:\Users\Shweta\Downloads\QA-Automation-MobileApp-main\QA-Automation-MobileApp-main. Please include a browserstack.yml/browserstack.yaml file containing configuration for tests.
10:59:07.548 [main] ERROR c.browserstack.BrowserStackJavaAgent - Something went wrong - java.lang.RuntimeException: [Invalid Path] Config file does not exist at any parent directory of C:\Users\Shweta\Downloads\QA-Automation-MobileApp-main\QA-Automation-MobileApp-main. Please include a browserstack.yml/browserstack.yaml file containing configuration for tests.
	at com.browserstack.config.BrowserStackConfig.getInstance(Unknown Source)
	at com.browserstack.BrowserStackJavaAgent.b(Unknown Source)
	at com.browserstack.BrowserStackJavaAgent.a(Unknown Source)
	at com.browserstack.BrowserStackJavaAgent.premain(Unknown Source)
	at java.base/jdk.internal.reflect.NativeMethodAccessorImpl.invoke0(Native Method)
	at java.base/jdk.internal.reflect.NativeMethodAccessorImpl.invoke(NativeMethodAccessorImpl.java:77)
	at java.base/jdk.internal.reflect.DelegatingMethodAccessorImpl.invoke(DelegatingMethodAccessorImpl.java:43)
	at java.base/java.lang.reflect.Method.invoke(Method.java:568)
	at java.instrument/sun.instrument.InstrumentationImpl.loadClassAndStartAgent(InstrumentationImpl.java:491)
	at java.instrument/sun.instrument.InstrumentationImpl.loadClassAndCallPremain(InstrumentationImpl.java:503)

11:01:24.843 [main] INFO  c.browserstack.BrowserStackJavaAgent - Selenium version detected - 4.13.0
11:01:24.850 [main] INFO  c.browserstack.BrowserStackJavaAgent - Appium version detected - 8.6.0
11:01:25.316 [main] DEBUG c.b.config.BrowserStackConfig - Cli Config passed - {}
11:01:25.321 [main] INFO  c.browserstack.utils.UtilityMethods - BrowserStack Yml Detected : C:\browserstack.yml
11:01:25.322 [main] ERROR c.b.config.BrowserStackConfig - [Invalid Path] Config file does not exist at any parent directory of C:\Users\Shweta\Downloads\QA-Automation-MobileApp-main\QA-Automation-MobileApp-main. Please include a browserstack.yml/browserstack.yaml file containing configuration for tests.
11:01:25.324 [main] ERROR c.browserstack.BrowserStackJavaAgent - Something went wrong - java.lang.RuntimeException: [Invalid Path] Config file does not exist at any parent directory of C:\Users\Shweta\Downloads\QA-Automation-MobileApp-main\QA-Automation-MobileApp-main. Please include a browserstack.yml/browserstack.yaml file containing configuration for tests.
	at com.browserstack.config.BrowserStackConfig.getInstance(Unknown Source)
	at com.browserstack.BrowserStackJavaAgent.b(Unknown Source)
	at com.browserstack.BrowserStackJavaAgent.a(Unknown Source)
	at com.browserstack.BrowserStackJavaAgent.premain(Unknown Source)
	at java.base/jdk.internal.reflect.NativeMethodAccessorImpl.invoke0(Native Method)
	at java.base/jdk.internal.reflect.NativeMethodAccessorImpl.invoke(NativeMethodAccessorImpl.java:77)
	at java.base/jdk.internal.reflect.DelegatingMethodAccessorImpl.invoke(DelegatingMethodAccessorImpl.java:43)
	at java.base/java.lang.reflect.Method.invoke(Method.java:568)
	at java.instrument/sun.instrument.InstrumentationImpl.loadClassAndStartAgent(InstrumentationImpl.java:491)
	at java.instrument/sun.instrument.InstrumentationImpl.loadClassAndCallPremain(InstrumentationImpl.java:503)

11:09:14.963 [main] INFO  c.browserstack.BrowserStackJavaAgent - Selenium version detected - 4.13.0
11:09:14.972 [main] INFO  c.browserstack.BrowserStackJavaAgent - Appium version detected - 8.6.0
11:09:15.704 [main] DEBUG c.b.config.BrowserStackConfig - Cli Config passed - {}
11:09:15.711 [main] INFO  c.browserstack.utils.UtilityMethods - BrowserStack Yml Detected : C:\browserstack.yml
11:09:15.711 [main] ERROR c.b.config.BrowserStackConfig - [Invalid Path] Config file does not exist at any parent directory of C:\Users\Shweta\Downloads\QA-Automation-MobileApp-main\QA-Automation-MobileApp-main. Please include a browserstack.yml/browserstack.yaml file containing configuration for tests.
11:09:15.713 [main] ERROR c.browserstack.BrowserStackJavaAgent - Something went wrong - java.lang.RuntimeException: [Invalid Path] Config file does not exist at any parent directory of C:\Users\Shweta\Downloads\QA-Automation-MobileApp-main\QA-Automation-MobileApp-main. Please include a browserstack.yml/browserstack.yaml file containing configuration for tests.
	at com.browserstack.config.BrowserStackConfig.getInstance(Unknown Source)
	at com.browserstack.BrowserStackJavaAgent.b(Unknown Source)
	at com.browserstack.BrowserStackJavaAgent.a(Unknown Source)
	at com.browserstack.BrowserStackJavaAgent.premain(Unknown Source)
	at java.base/jdk.internal.reflect.NativeMethodAccessorImpl.invoke0(Native Method)
	at java.base/jdk.internal.reflect.NativeMethodAccessorImpl.invoke(NativeMethodAccessorImpl.java:77)
	at java.base/jdk.internal.reflect.DelegatingMethodAccessorImpl.invoke(DelegatingMethodAccessorImpl.java:43)
	at java.base/java.lang.reflect.Method.invoke(Method.java:568)
	at java.instrument/sun.instrument.InstrumentationImpl.loadClassAndStartAgent(InstrumentationImpl.java:491)
	at java.instrument/sun.instrument.InstrumentationImpl.loadClassAndCallPremain(InstrumentationImpl.java:503)

11:11:18.731 [main] INFO  c.browserstack.BrowserStackJavaAgent - Selenium version detected - 4.13.0
11:11:18.736 [main] INFO  c.browserstack.BrowserStackJavaAgent - Appium version detected - 8.6.0
11:11:19.118 [main] DEBUG c.b.config.BrowserStackConfig - Cli Config passed - {}
11:11:19.122 [main] INFO  c.browserstack.utils.UtilityMethods - BrowserStack Yml Detected : C:\browserstack.yml
11:11:19.122 [main] ERROR c.b.config.BrowserStackConfig - [Invalid Path] Config file does not exist at any parent directory of C:\Users\Shweta\Downloads\QA-Automation-MobileApp-main\QA-Automation-MobileApp-main. Please include a browserstack.yml/browserstack.yaml file containing configuration for tests.
11:11:19.123 [main] ERROR c.browserstack.BrowserStackJavaAgent - Something went wrong - java.lang.RuntimeException: [Invalid Path] Config file does not exist at any parent directory of C:\Users\Shweta\Downloads\QA-Automation-MobileApp-main\QA-Automation-MobileApp-main. Please include a browserstack.yml/browserstack.yaml file containing configuration for tests.
	at com.browserstack.config.BrowserStackConfig.getInstance(Unknown Source)
	at com.browserstack.BrowserStackJavaAgent.b(Unknown Source)
	at com.browserstack.BrowserStackJavaAgent.a(Unknown Source)
	at com.browserstack.BrowserStackJavaAgent.premain(Unknown Source)
	at java.base/jdk.internal.reflect.NativeMethodAccessorImpl.invoke0(Native Method)
	at java.base/jdk.internal.reflect.NativeMethodAccessorImpl.invoke(NativeMethodAccessorImpl.java:77)
	at java.base/jdk.internal.reflect.DelegatingMethodAccessorImpl.invoke(DelegatingMethodAccessorImpl.java:43)
	at java.base/java.lang.reflect.Method.invoke(Method.java:568)
	at java.instrument/sun.instrument.InstrumentationImpl.loadClassAndStartAgent(InstrumentationImpl.java:491)
	at java.instrument/sun.instrument.InstrumentationImpl.loadClassAndCallPremain(InstrumentationImpl.java:503)

11:14:55.071 [main] INFO  c.browserstack.BrowserStackJavaAgent - Selenium version detected - 4.13.0
11:14:55.076 [main] INFO  c.browserstack.BrowserStackJavaAgent - Appium version detected - 8.6.0
11:14:55.489 [main] DEBUG c.b.config.BrowserStackConfig - Cli Config passed - {}
11:14:55.494 [main] INFO  c.browserstack.utils.UtilityMethods - BrowserStack Yml Detected : C:\browserstack.yml
11:14:55.494 [main] ERROR c.b.config.BrowserStackConfig - [Invalid Path] Config file does not exist at any parent directory of C:\Users\Shweta\Downloads\QA-Automation-MobileApp-main\QA-Automation-MobileApp-main. Please include a browserstack.yml/browserstack.yaml file containing configuration for tests.
11:14:55.496 [main] ERROR c.browserstack.BrowserStackJavaAgent - Something went wrong - java.lang.RuntimeException: [Invalid Path] Config file does not exist at any parent directory of C:\Users\Shweta\Downloads\QA-Automation-MobileApp-main\QA-Automation-MobileApp-main. Please include a browserstack.yml/browserstack.yaml file containing configuration for tests.
	at com.browserstack.config.BrowserStackConfig.getInstance(Unknown Source)
	at com.browserstack.BrowserStackJavaAgent.b(Unknown Source)
	at com.browserstack.BrowserStackJavaAgent.a(Unknown Source)
	at com.browserstack.BrowserStackJavaAgent.premain(Unknown Source)
	at java.base/jdk.internal.reflect.NativeMethodAccessorImpl.invoke0(Native Method)
	at java.base/jdk.internal.reflect.NativeMethodAccessorImpl.invoke(NativeMethodAccessorImpl.java:77)
	at java.base/jdk.internal.reflect.DelegatingMethodAccessorImpl.invoke(DelegatingMethodAccessorImpl.java:43)
	at java.base/java.lang.reflect.Method.invoke(Method.java:568)
	at java.instrument/sun.instrument.InstrumentationImpl.loadClassAndStartAgent(InstrumentationImpl.java:491)
	at java.instrument/sun.instrument.InstrumentationImpl.loadClassAndCallPremain(InstrumentationImpl.java:503)

