[logsAndroid_M2006C3MII INFO ] 2023-12-21 15:15:50.920 BaseTest:271 - log path: logs\Android_M2006C3MII
[logsAndroid_M2006C3MII INFO ] 2023-12-21 15:15:50.932 BaseTest:277 - load config.properties
[logsAndroid_M2006C3MII INFO ] 2023-12-21 15:16:03.685 BaseTest:315 - driver initialized: AndroidDriver:  on ANDROID (867e7069-5279-4a07-994d-40f7ecb827b6)
[logsAndroid_M2006C3MII INFO ] 2023-12-21 15:16:04.805 StartVisit3And4StepsTest:32 - 
****** starting test:IDA4_2652_verifyPatientHistoryScreenChangeButton******

[logsAndroid_M2006C3MII INFO ] 2023-12-21 15:17:08.228 BaseTest:271 - log path: logs\Android_M2006C3MII
[logsAndroid_M2006C3MII INFO ] 2023-12-21 15:17:08.237 BaseTest:277 - load config.properties
[logsAndroid_M2006C3MII FATAL] 2023-12-21 15:17:14.003 BaseTest:317 - driver initialization failure. ABORT!!!
org.openqa.selenium.SessionNotCreatedException: Could not start a new session. Response code 500. Message: An unknown server-side error occurred while processing the command. Original error: UiAutomator2 Server cannot start because the local port #10000 is busy. Make sure the port you provide via 'systemPort' capability is not occupied. This situation might often be a result of an inaccurate sessions management, e.g. old automation sessions on the same device must always be closed before starting new ones. 
Host info: host: 'DESKTOP-LAAIDQD', ip: '192.168.43.151'
Build info: version: '4.13.0', revision: 'ba948ece5b*'
System info: os.name: 'Windows 10', os.arch: 'amd64', os.version: '10.0', java.version: '17.0.8.1'
Driver info: io.appium.java_client.android.AndroidDriver
Command: [null, newSession {capabilities=[{appium:automationName=UiAutomator2, appium:deviceName=M2006C3MII, platformName=ANDROID, appium:systemPort=10000, appium:udid=CAZLOBVCJR9HWOZP}], desiredCapabilities=Capabilities {automationName: UiAutomator2, deviceName: M2006C3MII, platformName: ANDROID, systemPort: 10000, udid: CAZLOBVCJR9HWOZP}}]
Capabilities {automationName: UiAutomator2, deviceName: M2006C3MII, platformName: ANDROID, systemPort: 10000, udid: CAZLOBVCJR9HWOZP}
[logsAndroid_M2006C3MII INFO ] 2023-12-21 15:17:30.013 BaseTest:271 - log path: logs\Android_M2006C3MII
[logsAndroid_M2006C3MII INFO ] 2023-12-21 15:17:30.027 BaseTest:277 - load config.properties
[logsAndroid_M2006C3MII INFO ] 2023-12-21 15:17:44.425 BaseTest:315 - driver initialized: AndroidDriver:  on ANDROID (f6b81dc3-0fa3-4e4d-87b9-238bf3803951)
[logsAndroid_M2006C3MII INFO ] 2023-12-21 15:17:56.833 StartVisit3And4StepsTest:32 - 
****** starting test:IDA4_2652_verifyPatientHistoryScreenChangeButton******

[logsAndroid_M2006C3MII INFO ] 2023-12-21 15:18:48.615 BaseTest:271 - log path: logs\Android_M2006C3MII
[logsAndroid_M2006C3MII INFO ] 2023-12-21 15:18:48.632 BaseTest:277 - load config.properties
[logsAndroid_M2006C3MII FATAL] 2023-12-21 15:18:53.762 BaseTest:317 - driver initialization failure. ABORT!!!
org.openqa.selenium.SessionNotCreatedException: Could not start a new session. Response code 500. Message: An unknown server-side error occurred while processing the command. Original error: UiAutomator2 Server cannot start because the local port #10000 is busy. Make sure the port you provide via 'systemPort' capability is not occupied. This situation might often be a result of an inaccurate sessions management, e.g. old automation sessions on the same device must always be closed before starting new ones. 
Host info: host: 'DESKTOP-LAAIDQD', ip: '192.168.43.151'
Build info: version: '4.13.0', revision: 'ba948ece5b*'
System info: os.name: 'Windows 10', os.arch: 'amd64', os.version: '10.0', java.version: '17.0.8.1'
Driver info: io.appium.java_client.android.AndroidDriver
Command: [null, newSession {capabilities=[{appium:automationName=UiAutomator2, appium:deviceName=M2006C3MII, platformName=ANDROID, appium:systemPort=10000, appium:udid=CAZLOBVCJR9HWOZP}], desiredCapabilities=Capabilities {automationName: UiAutomator2, deviceName: M2006C3MII, platformName: ANDROID, systemPort: 10000, udid: CAZLOBVCJR9HWOZP}}]
Capabilities {automationName: UiAutomator2, deviceName: M2006C3MII, platformName: ANDROID, systemPort: 10000, udid: CAZLOBVCJR9HWOZP}
[logsAndroid_M2006C3MII INFO ] 2023-12-21 15:19:06.687 BaseTest:271 - log path: logs\Android_M2006C3MII
[logsAndroid_M2006C3MII INFO ] 2023-12-21 15:19:06.712 BaseTest:277 - load config.properties
[logsAndroid_M2006C3MII INFO ] 2023-12-21 15:19:21.970 BaseTest:315 - driver initialized: AndroidDriver:  on ANDROID (eb5303c8-3bd6-4e9e-a116-f7acfcf93080)
[logsAndroid_M2006C3MII INFO ] 2023-12-21 15:19:34.247 StartVisit3And4StepsTest:32 - 
****** starting test:IDA4_2652_verifyPatientHistoryScreenChangeButton******

[logsAndroid_M2006C3MII INFO ] 2023-12-21 15:20:19.161 BaseTest:271 - log path: logs\Android_M2006C3MII
[logsAndroid_M2006C3MII INFO ] 2023-12-21 15:20:19.171 BaseTest:277 - load config.properties
[logsAndroid_M2006C3MII FATAL] 2023-12-21 15:20:24.599 BaseTest:317 - driver initialization failure. ABORT!!!
org.openqa.selenium.SessionNotCreatedException: Could not start a new session. Response code 500. Message: An unknown server-side error occurred while processing the command. Original error: UiAutomator2 Server cannot start because the local port #10000 is busy. Make sure the port you provide via 'systemPort' capability is not occupied. This situation might often be a result of an inaccurate sessions management, e.g. old automation sessions on the same device must always be closed before starting new ones. 
Host info: host: 'DESKTOP-LAAIDQD', ip: '192.168.43.151'
Build info: version: '4.13.0', revision: 'ba948ece5b*'
System info: os.name: 'Windows 10', os.arch: 'amd64', os.version: '10.0', java.version: '17.0.8.1'
Driver info: io.appium.java_client.android.AndroidDriver
Command: [null, newSession {capabilities=[{appium:automationName=UiAutomator2, appium:deviceName=M2006C3MII, platformName=ANDROID, appium:systemPort=10000, appium:udid=CAZLOBVCJR9HWOZP}], desiredCapabilities=Capabilities {automationName: UiAutomator2, deviceName: M2006C3MII, platformName: ANDROID, systemPort: 10000, udid: CAZLOBVCJR9HWOZP}}]
Capabilities {automationName: UiAutomator2, deviceName: M2006C3MII, platformName: ANDROID, systemPort: 10000, udid: CAZLOBVCJR9HWOZP}
[logsAndroid_M2006C3MII INFO ] 2023-12-21 15:20:37.232 BaseTest:271 - log path: logs\Android_M2006C3MII
[logsAndroid_M2006C3MII INFO ] 2023-12-21 15:20:37.249 BaseTest:277 - load config.properties
[logsAndroid_M2006C3MII INFO ] 2023-12-21 15:20:50.710 BaseTest:315 - driver initialized: AndroidDriver:  on ANDROID (7d0898d6-415b-4d5c-80ba-afbe61674f65)
[logsAndroid_M2006C3MII INFO ] 2023-12-21 15:21:02.624 StartVisit3And4StepsTest:32 - 
****** starting test:IDA4_2652_verifyPatientHistoryScreenChangeButton******

[logsAndroid_M2006C3MII INFO ] 2023-12-21 15:22:11.269 StartVisit3And4StepsTest:62 - Handling app permissions and completing app setup
[logsAndroid_M2006C3MII INFO ] 2023-12-21 15:24:13.716 StartVisit3And4StepsTest:72 - Registering a patient with provided details
[logsAndroid_M2006C3MII INFO ] 2023-12-21 15:24:29.834 StartVisit3And4StepsTest:83 - Entering patient vitals details
[logsAndroid_M2006C3MII INFO ] 2023-12-21 15:24:30.583 StartVisit3And4StepsTest:86 - Clicking on the 'Next' button after entering the first set of vitals
[logsAndroid_M2006C3MII INFO ] 2023-12-21 15:24:32.033 StartVisit3And4StepsTest:90 - Clicking on the 'Confirm' button to confirm the entered vitals
[logsAndroid_M2006C3MII INFO ] 2023-12-21 15:24:42.070 StartVisit3And4StepsTest:94 - Scrolling to the HyperTension section on the page
[logsAndroid_M2006C3MII INFO ] 2023-12-21 15:24:49.368 StartVisit3And4StepsTest:98 - Selecting and confirming the visit reason as Hypertension
[logsAndroid_M2006C3MII INFO ] 2023-12-21 15:25:47.144 StartVisit3And4StepsTest:102 - Handling the Hypertension-related visit questions
[logsAndroid_M2006C3MII INFO ] 2023-12-21 15:25:49.809 StartVisit3And4StepsTest:105 - Verifying that the 'Associated Symptoms' title is displayed on the page
[logsAndroid_M2006C3MII INFO ] 2023-12-21 15:25:51.110 StartVisit3And4StepsTest:109 - Selecting 'No' for the first associated symptom
[logsAndroid_M2006C3MII INFO ] 2023-12-21 15:25:53.717 StartVisit3And4StepsTest:113 - Clicking on the main 'Submit' button for associated symptoms
[logsAndroid_M2006C3MII INFO ] 2023-12-21 15:25:54.189 StartVisit3And4StepsTest:117 - Clicking on the 'Confirm' button on the visit reason summary screen
[logsAndroid_M2006C3MII INFO ] 2023-12-21 15:25:55.452 StartVisit3And4StepsTest:121 - Clicking on the 'Okay' button to proceed
[logsAndroid_M2006C3MII INFO ] 2023-12-21 15:25:56.185 BaseTest:353 - One of Six Questions is displayed
[logsAndroid_M2006C3MII INFO ] 2023-12-21 15:25:56.442 BaseTest:373 - Clicked on Yes option for One of Six Questions
[logsAndroid_M2006C3MII INFO ] 2023-12-21 15:25:59.449 BaseTest:353 - Two of Six Questions is displayed
[logsAndroid_M2006C3MII INFO ] 2023-12-21 15:26:01.219 BaseTest:373 - Clicked on Normal option for Two of Six Questions
[logsAndroid_M2006C3MII INFO ] 2023-12-21 15:26:03.744 BaseTest:353 - Three of Six Questions is displayed
[logsAndroid_M2006C3MII INFO ] 2023-12-21 15:26:04.028 BaseTest:373 - Clicked on Normal option for Three of Six Questions
[logsAndroid_M2006C3MII INFO ] 2023-12-21 15:26:06.427 BaseTest:353 - Four of Six Questions is displayed
[logsAndroid_M2006C3MII INFO ] 2023-12-21 15:26:06.912 BaseTest:373 - Clicked on Nails are Normal option for Four of Six Questions
[logsAndroid_M2006C3MII INFO ] 2023-12-21 15:26:09.443 BaseTest:353 - Five of Six Questions is displayed
[logsAndroid_M2006C3MII INFO ] 2023-12-21 15:26:10.391 BaseTest:373 - Clicked on Nails are Normal option for Five of Six Questions
[logsAndroid_M2006C3MII INFO ] 2023-12-21 15:26:12.925 BaseTest:353 - Six of Six Questions is displayed
[logsAndroid_M2006C3MII INFO ] 2023-12-21 15:26:13.957 BaseTest:373 - Clicked on No Oedema option for Six of Six Questions
[logsAndroid_M2006C3MII INFO ] 2023-12-21 15:26:16.330 BaseTest:353 - Physical Examination Summary Header is displayed
[logsAndroid_M2006C3MII INFO ] 2023-12-21 15:26:17.740 BaseTest:373 - Clicked on Confirm Button
[logsAndroid_M2006C3MII INFO ] 2023-12-21 15:26:21.491 BaseTest:353 - Medical history question 1 is displayed
[logsAndroid_M2006C3MII INFO ] 2023-12-21 15:26:21.911 BaseTest:353 - Pregnancy status question is displayed
[logsAndroid_M2006C3MII INFO ] 2023-12-21 15:26:22.327 BaseTest:373 - Clicked on 'No' for pregnancy status
[logsAndroid_M2006C3MII INFO ] 2023-12-21 15:26:24.258 BaseTest:353 - Medical history question 2 is displayed
[logsAndroid_M2006C3MII INFO ] 2023-12-21 15:26:24.750 BaseTest:353 - Allergy question is displayed
[logsAndroid_M2006C3MII INFO ] 2023-12-21 15:26:25.773 BaseTest:373 - Clicked on 'No Known Allergies'
[logsAndroid_M2006C3MII INFO ] 2023-12-21 15:26:29.298 BaseTest:353 - Medical history question 3 is displayed
[logsAndroid_M2006C3MII INFO ] 2023-12-21 15:26:29.749 BaseTest:353 - Alcohol consumption question is displayed
[logsAndroid_M2006C3MII INFO ] 2023-12-21 15:26:30.708 BaseTest:373 - Clicked on 'No' for alcohol consumption
[logsAndroid_M2006C3MII INFO ] 2023-12-21 15:26:34.237 BaseTest:353 - Medical history question 4 is displayed
[logsAndroid_M2006C3MII INFO ] 2023-12-21 15:26:34.921 BaseTest:353 - Smoking question is displayed
[logsAndroid_M2006C3MII INFO ] 2023-12-21 15:26:35.518 BaseTest:373 - Clicked on 'Never Smoker'
[logsAndroid_M2006C3MII INFO ] 2023-12-21 15:26:38.037 BaseTest:353 - Medical history question 5 is displayed
[logsAndroid_M2006C3MII INFO ] 2023-12-21 15:26:39.553 BaseTest:353 - Medicine question is displayed
[logsAndroid_M2006C3MII INFO ] 2023-12-21 15:26:40.033 BaseTest:373 - Clicked on 'No' for medicine history
[logsAndroid_M2006C3MII INFO ] 2023-12-21 15:26:43.163 BaseTest:353 - Medical history question 6 is displayed
[logsAndroid_M2006C3MII INFO ] 2023-12-21 15:26:43.712 BaseTest:353 - History question is displayed
[logsAndroid_M2006C3MII INFO ] 2023-12-21 15:26:45.925 BaseTest:373 - Clicked on 'None' for history
[logsAndroid_M2006C3MII INFO ] 2023-12-21 15:26:50.153 BaseTest:373 - Clicked on Submit for history
[logsAndroid_M2006C3MII INFO ] 2023-12-21 15:26:53.045 BaseTest:373 - Clicked on 'Other' option
[logsAndroid_M2006C3MII INFO ] 2023-12-21 15:26:58.183 BaseTest:373 - Clicked on Submit button
[logsAndroid_M2006C3MII INFO ] 2023-12-21 15:27:00.272 BaseTest:353 - Medical History Summary Screen Header is displayed
[logsAndroid_M2006C3MII INFO ] 2023-12-21 15:27:00.775 BaseTest:373 - Clicked on Patient History Change Button
[logsAndroid_M2006C3MII INFO ] 2023-12-21 15:27:03.204 BaseTest:353 - Medical History Header is displayed
[logsAndroid_M2006C3MII INFO ] 2023-12-21 15:27:08.277 BaseTest:161 - video path: videos\Android_M2006C3MII\2023-12-21-15-20-37\StartVisit3And4StepsTest\IDA4_2652_verifyPatientHistoryScreenChangeButton.mp4
[logsAndroid_M2006C3MII INFO ] 2023-12-21 15:27:09.750 StartVisit3And4StepsTest:32 - 
****** starting test:IDA4_2653_verifyFamilyHistoryScreenChangeButton******

[logsAndroid_M2006C3MII INFO ] 2023-12-21 15:28:12.522 StartVisit3And4StepsTest:62 - Handling app permissions and completing app setup
[logsAndroid_M2006C3MII INFO ] 2023-12-21 15:29:55.349 StartVisit3And4StepsTest:72 - Registering a patient with provided details
[logsAndroid_M2006C3MII INFO ] 2023-12-21 15:30:08.476 StartVisit3And4StepsTest:83 - Entering patient vitals details
[logsAndroid_M2006C3MII INFO ] 2023-12-21 15:30:09.180 StartVisit3And4StepsTest:86 - Clicking on the 'Next' button after entering the first set of vitals
[logsAndroid_M2006C3MII INFO ] 2023-12-21 15:30:10.147 StartVisit3And4StepsTest:90 - Clicking on the 'Confirm' button to confirm the entered vitals
[logsAndroid_M2006C3MII INFO ] 2023-12-21 15:30:19.154 StartVisit3And4StepsTest:94 - Scrolling to the HyperTension section on the page
[logsAndroid_M2006C3MII INFO ] 2023-12-21 15:30:24.088 StartVisit3And4StepsTest:98 - Selecting and confirming the visit reason as Hypertension
[logsAndroid_M2006C3MII INFO ] 2023-12-21 15:30:59.095 StartVisit3And4StepsTest:102 - Handling the Hypertension-related visit questions
[logsAndroid_M2006C3MII INFO ] 2023-12-21 15:31:00.749 StartVisit3And4StepsTest:105 - Verifying that the 'Associated Symptoms' title is displayed on the page
[logsAndroid_M2006C3MII INFO ] 2023-12-21 15:31:01.370 StartVisit3And4StepsTest:109 - Selecting 'No' for the first associated symptom
[logsAndroid_M2006C3MII INFO ] 2023-12-21 15:31:04.023 StartVisit3And4StepsTest:113 - Clicking on the main 'Submit' button for associated symptoms
[logsAndroid_M2006C3MII INFO ] 2023-12-21 15:31:04.469 StartVisit3And4StepsTest:117 - Clicking on the 'Confirm' button on the visit reason summary screen
[logsAndroid_M2006C3MII INFO ] 2023-12-21 15:31:05.662 StartVisit3And4StepsTest:121 - Clicking on the 'Okay' button to proceed
[logsAndroid_M2006C3MII INFO ] 2023-12-21 15:31:06.382 BaseTest:353 - One of Six Questions is displayed
[logsAndroid_M2006C3MII INFO ] 2023-12-21 15:31:06.767 BaseTest:373 - Clicked on Yes option for One of Six Questions
[logsAndroid_M2006C3MII INFO ] 2023-12-21 15:31:09.714 BaseTest:353 - Two of Six Questions is displayed
[logsAndroid_M2006C3MII INFO ] 2023-12-21 15:31:10.146 BaseTest:373 - Clicked on Normal option for Two of Six Questions
[logsAndroid_M2006C3MII INFO ] 2023-12-21 15:31:12.646 BaseTest:353 - Three of Six Questions is displayed
[logsAndroid_M2006C3MII INFO ] 2023-12-21 15:31:13.233 BaseTest:373 - Clicked on Normal option for Three of Six Questions
[logsAndroid_M2006C3MII INFO ] 2023-12-21 15:31:16.685 BaseTest:353 - Four of Six Questions is displayed
[logsAndroid_M2006C3MII INFO ] 2023-12-21 15:31:17.733 BaseTest:373 - Clicked on Nails are Normal option for Four of Six Questions
[logsAndroid_M2006C3MII INFO ] 2023-12-21 15:31:20.184 BaseTest:353 - Five of Six Questions is displayed
[logsAndroid_M2006C3MII INFO ] 2023-12-21 15:31:20.666 BaseTest:373 - Clicked on Nails are Normal option for Five of Six Questions
[logsAndroid_M2006C3MII INFO ] 2023-12-21 15:31:23.244 BaseTest:353 - Six of Six Questions is displayed
[logsAndroid_M2006C3MII INFO ] 2023-12-21 15:31:23.633 BaseTest:373 - Clicked on No Oedema option for Six of Six Questions
[logsAndroid_M2006C3MII INFO ] 2023-12-21 15:31:25.839 BaseTest:353 - Physical Examination Summary Header is displayed
[logsAndroid_M2006C3MII INFO ] 2023-12-21 15:31:26.414 BaseTest:373 - Clicked on Confirm Button
[logsAndroid_M2006C3MII INFO ] 2023-12-21 15:31:28.257 BaseTest:353 - Medical history question 1 is displayed
[logsAndroid_M2006C3MII INFO ] 2023-12-21 15:31:28.558 BaseTest:353 - Pregnancy status question is displayed
[logsAndroid_M2006C3MII INFO ] 2023-12-21 15:31:28.855 BaseTest:373 - Clicked on 'No' for pregnancy status
[logsAndroid_M2006C3MII INFO ] 2023-12-21 15:31:30.686 BaseTest:353 - Medical history question 2 is displayed
[logsAndroid_M2006C3MII INFO ] 2023-12-21 15:31:31.045 BaseTest:353 - Allergy question is displayed
[logsAndroid_M2006C3MII INFO ] 2023-12-21 15:31:31.938 BaseTest:373 - Clicked on 'No Known Allergies'
[logsAndroid_M2006C3MII INFO ] 2023-12-21 15:31:34.492 BaseTest:353 - Medical history question 3 is displayed
[logsAndroid_M2006C3MII INFO ] 2023-12-21 15:31:34.763 BaseTest:353 - Alcohol consumption question is displayed
[logsAndroid_M2006C3MII INFO ] 2023-12-21 15:31:35.050 BaseTest:373 - Clicked on 'No' for alcohol consumption
[logsAndroid_M2006C3MII INFO ] 2023-12-21 15:31:37.295 BaseTest:353 - Medical history question 4 is displayed
[logsAndroid_M2006C3MII INFO ] 2023-12-21 15:31:37.555 BaseTest:353 - Smoking question is displayed
[logsAndroid_M2006C3MII INFO ] 2023-12-21 15:31:37.944 BaseTest:373 - Clicked on 'Never Smoker'
[logsAndroid_M2006C3MII INFO ] 2023-12-21 15:31:40.363 BaseTest:353 - Medical history question 5 is displayed
[logsAndroid_M2006C3MII INFO ] 2023-12-21 15:31:40.778 BaseTest:353 - Medicine question is displayed
[logsAndroid_M2006C3MII INFO ] 2023-12-21 15:31:41.301 BaseTest:373 - Clicked on 'No' for medicine history
[logsAndroid_M2006C3MII INFO ] 2023-12-21 15:31:43.896 BaseTest:353 - Medical history question 6 is displayed
[logsAndroid_M2006C3MII INFO ] 2023-12-21 15:31:44.403 BaseTest:353 - History question is displayed
[logsAndroid_M2006C3MII INFO ] 2023-12-21 15:31:44.933 BaseTest:373 - Clicked on 'None' for history
[logsAndroid_M2006C3MII INFO ] 2023-12-21 15:31:47.463 BaseTest:373 - Clicked on Submit for history
[logsAndroid_M2006C3MII INFO ] 2023-12-21 15:31:50.397 BaseTest:373 - Clicked on 'Other' option
[logsAndroid_M2006C3MII INFO ] 2023-12-21 15:31:58.040 BaseTest:373 - Clicked on Submit button
[logsAndroid_M2006C3MII INFO ] 2023-12-21 15:31:59.873 BaseTest:353 - Medical History Summary Screen Header is displayed
[logsAndroid_M2006C3MII INFO ] 2023-12-21 15:32:00.321 BaseTest:373 - Clicked on Family History Change Button
[logsAndroid_M2006C3MII ERROR] 2023-12-21 15:37:00.990 TestListener:33 - org.openqa.selenium.TimeoutException: Expected condition failed: waiting for visibility of Located by By.chained({By.xpath: //android.widget.TextView[@text='4/4. Medical history: Family history']}) (tried for 300 second(s) with 500 milliseconds interval)
	at org.openqa.selenium.support.ui.WebDriverWait.timeoutException(WebDriverWait.java:84)
	at org.openqa.selenium.support.ui.FluentWait.until(FluentWait.java:230)
	at com.intelehealth.base.BaseTest.waitForVisibility(BaseTest.java:335)
	at com.intelehealth.base.BaseTest.isDisplayed(BaseTest.java:352)
	at com.intelehealth.pages.StartVisit3And4StepsPage.verifyFamilyHistoryChangeButton(StartVisit3And4StepsPage.java:874)
	at com.intelehealth.tests.StartVisit3And4StepsTest.IDA4_2653_verifyFamilyHistoryScreenChangeButton(StartVisit3And4StepsTest.java:319)
	at java.base/jdk.internal.reflect.NativeMethodAccessorImpl.invoke0(Native Method)
	at java.base/jdk.internal.reflect.NativeMethodAccessorImpl.invoke(NativeMethodAccessorImpl.java:77)
	at java.base/jdk.internal.reflect.DelegatingMethodAccessorImpl.invoke(DelegatingMethodAccessorImpl.java:43)
	at java.base/java.lang.reflect.Method.invoke(Method.java:568)
	at org.testng.internal.invokers.MethodInvocationHelper.invokeMethod(MethodInvocationHelper.java:139)
	at org.testng.internal.invokers.TestInvoker.invokeMethod(TestInvoker.java:664)
	at org.testng.internal.invokers.TestInvoker.invokeTestMethod(TestInvoker.java:227)
	at org.testng.internal.invokers.MethodRunner.runInSequence(MethodRunner.java:50)
	at org.testng.internal.invokers.TestInvoker$MethodInvocationAgent.invoke(TestInvoker.java:957)
	at org.testng.internal.invokers.TestInvoker.invokeTestMethods(TestInvoker.java:200)
	at org.testng.internal.invokers.TestMethodWorker.invokeTestMethods(TestMethodWorker.java:148)
	at org.testng.internal.invokers.TestMethodWorker.run(TestMethodWorker.java:128)
	at java.base/java.util.ArrayList.forEach(ArrayList.java:1511)
	at org.testng.TestRunner.privateRun(TestRunner.java:848)
	at org.testng.TestRunner.run(TestRunner.java:621)
	at org.testng.SuiteRunner.runTest(SuiteRunner.java:443)
	at org.testng.SuiteRunner$SuiteWorker.run(SuiteRunner.java:481)
	at org.testng.internal.thread.ThreadUtil.lambda$execute$0(ThreadUtil.java:58)
	at java.base/java.util.concurrent.FutureTask.run(FutureTask.java:264)
	at java.base/java.util.concurrent.ThreadPoolExecutor.runWorker(ThreadPoolExecutor.java:1136)
	at java.base/java.util.concurrent.ThreadPoolExecutor$Worker.run(ThreadPoolExecutor.java:635)
	at java.base/java.lang.Thread.run(Thread.java:833)
Caused by: org.openqa.selenium.NoSuchElementException: Can't locate an element by this strategy: By.chained({By.xpath: //android.widget.TextView[@text='4/4. Medical history: Family history']})
	at io.appium.java_client.pagefactory.AppiumElementLocator.findElement(AppiumElementLocator.java:166)
	at io.appium.java_client.pagefactory.interceptors.InterceptorOfASingleElement.call(InterceptorOfASingleElement.java:64)
	at io.appium.java_client.proxy.Interceptor.intercept(Interceptor.java:78)
	at org.openqa.selenium.remote.RemoteWebElement$ByteBuddy$gArDi2d2.isDisplayed(Unknown Source)
	at org.openqa.selenium.support.ui.ExpectedConditions.elementIfVisible(ExpectedConditions.java:304)
	at org.openqa.selenium.support.ui.ExpectedConditions.access$000(ExpectedConditions.java:37)
	at org.openqa.selenium.support.ui.ExpectedConditions$10.apply(ExpectedConditions.java:290)
	at org.openqa.selenium.support.ui.ExpectedConditions$10.apply(ExpectedConditions.java:287)
	at org.openqa.selenium.support.ui.FluentWait.until(FluentWait.java:205)
	... 26 more
Caused by: org.openqa.selenium.TimeoutException: Expected condition failed: waiting for io.appium.java_client.pagefactory.AppiumElementLocator$WaitingFunction@9f1a5c7 (tried for 1 second(s) with 500 milliseconds interval)
	at org.openqa.selenium.support.ui.FluentWait.timeoutException(FluentWait.java:262)
	at org.openqa.selenium.support.ui.FluentWait.until(FluentWait.java:230)
	at io.appium.java_client.pagefactory.AppiumElementLocator.waitFor(AppiumElementLocator.java:135)
	at io.appium.java_client.pagefactory.AppiumElementLocator.findElement(AppiumElementLocator.java:160)
	... 34 more
Caused by: org.openqa.selenium.NoSuchElementException: Cannot locate an element using By.chained({By.xpath: //android.widget.TextView[@text='4/4. Medical history: Family history']})
For documentation on this error, please visit: https://www.selenium.dev/documentation/webdriver/troubleshooting/errors#no-such-element-exception
Build info: version: '4.13.0', revision: 'ba948ece5b*'
System info: os.name: 'Windows 10', os.arch: 'amd64', os.version: '10.0', java.version: '17.0.8.1'
Driver info: driver.version: RemoteWebDriver
	at io.appium.java_client.pagefactory.bys.builder.ByChained.findElement(ByChained.java:77)
	at org.openqa.selenium.remote.ElementLocation$ElementFinder$1.findElement(ElementLocation.java:139)
	at org.openqa.selenium.remote.ElementLocation.findElement(ElementLocation.java:59)
	at org.openqa.selenium.remote.RemoteWebDriver.findElement(RemoteWebDriver.java:359)
	at org.openqa.selenium.remote.RemoteWebDriver.findElement(RemoteWebDriver.java:353)
	at io.appium.java_client.pagefactory.bys.ContentMappedBy.findElement(ContentMappedBy.java:53)
	at org.openqa.selenium.remote.ElementLocation$ElementFinder$1.findElement(ElementLocation.java:139)
	at org.openqa.selenium.remote.ElementLocation.findElement(ElementLocation.java:59)
	at org.openqa.selenium.remote.RemoteWebDriver.findElement(RemoteWebDriver.java:359)
	at org.openqa.selenium.remote.RemoteWebDriver.findElement(RemoteWebDriver.java:353)
	at io.appium.java_client.pagefactory.AppiumElementLocator.lambda$findElement$1(AppiumElementLocator.java:160)
	at io.appium.java_client.pagefactory.AppiumElementLocator$WaitingFunction.apply(AppiumElementLocator.java:217)
	at io.appium.java_client.pagefactory.AppiumElementLocator$WaitingFunction.apply(AppiumElementLocator.java:210)
	at org.openqa.selenium.support.ui.FluentWait.until(FluentWait.java:205)
	... 36 more

[logsAndroid_M2006C3MII INFO ] 2023-12-21 15:37:07.000 BaseTest:161 - video path: videos\Android_M2006C3MII\2023-12-21-15-20-37\StartVisit3And4StepsTest\IDA4_2653_verifyFamilyHistoryScreenChangeButton.mp4
[logsAndroid_M2006C3MII INFO ] 2023-12-21 15:37:08.271 StartVisit3And4StepsTest:32 - 
****** starting test:IDA4_2655_verifyBackButtonFunctionality******

[logsAndroid_M2006C3MII INFO ] 2023-12-21 15:39:09.490 StartVisit3And4StepsTest:62 - Handling app permissions and completing app setup
[logsAndroid_M2006C3MII INFO ] 2023-12-21 15:40:45.586 StartVisit3And4StepsTest:72 - Registering a patient with provided details
[logsAndroid_M2006C3MII INFO ] 2023-12-21 15:41:02.748 StartVisit3And4StepsTest:83 - Entering patient vitals details
[logsAndroid_M2006C3MII INFO ] 2023-12-21 15:41:04.593 StartVisit3And4StepsTest:86 - Clicking on the 'Next' button after entering the first set of vitals
[logsAndroid_M2006C3MII INFO ] 2023-12-21 15:41:04.883 StartVisit3And4StepsTest:90 - Clicking on the 'Confirm' button to confirm the entered vitals
[logsAndroid_M2006C3MII INFO ] 2023-12-21 15:41:13.612 StartVisit3And4StepsTest:94 - Scrolling to the HyperTension section on the page
[logsAndroid_M2006C3MII INFO ] 2023-12-21 15:41:17.284 StartVisit3And4StepsTest:98 - Selecting and confirming the visit reason as Hypertension
[logsAndroid_M2006C3MII INFO ] 2023-12-21 15:41:57.892 StartVisit3And4StepsTest:102 - Handling the Hypertension-related visit questions
[logsAndroid_M2006C3MII INFO ] 2023-12-21 15:41:59.570 StartVisit3And4StepsTest:105 - Verifying that the 'Associated Symptoms' title is displayed on the page
[logsAndroid_M2006C3MII INFO ] 2023-12-21 15:42:00.192 StartVisit3And4StepsTest:109 - Selecting 'No' for the first associated symptom
[logsAndroid_M2006C3MII INFO ] 2023-12-21 15:42:02.753 StartVisit3And4StepsTest:113 - Clicking on the main 'Submit' button for associated symptoms
[logsAndroid_M2006C3MII INFO ] 2023-12-21 15:42:03.107 StartVisit3And4StepsTest:117 - Clicking on the 'Confirm' button on the visit reason summary screen
[logsAndroid_M2006C3MII INFO ] 2023-12-21 15:42:04.327 StartVisit3And4StepsTest:121 - Clicking on the 'Okay' button to proceed
[logsAndroid_M2006C3MII INFO ] 2023-12-21 15:42:05.026 BaseTest:353 - One of Six Questions is displayed
[logsAndroid_M2006C3MII INFO ] 2023-12-21 15:42:05.270 BaseTest:373 - Clicked on Yes option for One of Six Questions
[logsAndroid_M2006C3MII INFO ] 2023-12-21 15:42:07.693 BaseTest:353 - Two of Six Questions is displayed
[logsAndroid_M2006C3MII INFO ] 2023-12-21 15:42:08.186 BaseTest:373 - Clicked on Normal option for Two of Six Questions
[logsAndroid_M2006C3MII INFO ] 2023-12-21 15:42:10.326 BaseTest:353 - Three of Six Questions is displayed
[logsAndroid_M2006C3MII INFO ] 2023-12-21 15:42:10.857 BaseTest:373 - Clicked on Normal option for Three of Six Questions
[logsAndroid_M2006C3MII INFO ] 2023-12-21 15:42:13.221 BaseTest:353 - Four of Six Questions is displayed
[logsAndroid_M2006C3MII INFO ] 2023-12-21 15:42:13.845 BaseTest:373 - Clicked on Nails are Normal option for Four of Six Questions
[logsAndroid_M2006C3MII INFO ] 2023-12-21 15:42:16.326 BaseTest:353 - Five of Six Questions is displayed
[logsAndroid_M2006C3MII INFO ] 2023-12-21 15:42:16.715 BaseTest:373 - Clicked on Nails are Normal option for Five of Six Questions
[logsAndroid_M2006C3MII INFO ] 2023-12-21 15:42:19.175 BaseTest:353 - Six of Six Questions is displayed
[logsAndroid_M2006C3MII INFO ] 2023-12-21 15:42:19.627 BaseTest:373 - Clicked on No Oedema option for Six of Six Questions
[logsAndroid_M2006C3MII INFO ] 2023-12-21 15:42:22.056 BaseTest:353 - Physical Examination Summary Header is displayed
[logsAndroid_M2006C3MII INFO ] 2023-12-21 15:42:22.568 BaseTest:373 - Clicked on Confirm Button
[logsAndroid_M2006C3MII INFO ] 2023-12-21 15:42:24.403 BaseTest:353 - Medical history question 1 is displayed
[logsAndroid_M2006C3MII INFO ] 2023-12-21 15:42:24.785 BaseTest:353 - Pregnancy status question is displayed
[logsAndroid_M2006C3MII INFO ] 2023-12-21 15:42:25.061 BaseTest:373 - Clicked on 'No' for pregnancy status
[logsAndroid_M2006C3MII INFO ] 2023-12-21 15:42:26.908 BaseTest:353 - Medical history question 2 is displayed
[logsAndroid_M2006C3MII INFO ] 2023-12-21 15:42:27.441 BaseTest:353 - Allergy question is displayed
[logsAndroid_M2006C3MII INFO ] 2023-12-21 15:42:27.737 BaseTest:373 - Clicked on 'No Known Allergies'
[logsAndroid_M2006C3MII INFO ] 2023-12-21 15:42:29.691 BaseTest:353 - Medical history question 3 is displayed
[logsAndroid_M2006C3MII INFO ] 2023-12-21 15:42:30.121 BaseTest:353 - Alcohol consumption question is displayed
[logsAndroid_M2006C3MII INFO ] 2023-12-21 15:42:30.410 BaseTest:373 - Clicked on 'No' for alcohol consumption
[logsAndroid_M2006C3MII INFO ] 2023-12-21 15:42:33.078 BaseTest:353 - Medical history question 4 is displayed
[logsAndroid_M2006C3MII INFO ] 2023-12-21 15:42:33.583 BaseTest:353 - Smoking question is displayed
[logsAndroid_M2006C3MII INFO ] 2023-12-21 15:42:34.035 BaseTest:373 - Clicked on 'Never Smoker'
[logsAndroid_M2006C3MII INFO ] 2023-12-21 15:42:37.020 BaseTest:353 - Medical history question 5 is displayed
[logsAndroid_M2006C3MII INFO ] 2023-12-21 15:42:37.983 BaseTest:353 - Medicine question is displayed
[logsAndroid_M2006C3MII INFO ] 2023-12-21 15:42:38.299 BaseTest:373 - Clicked on 'No' for medicine history
[logsAndroid_M2006C3MII INFO ] 2023-12-21 15:42:41.219 BaseTest:353 - Medical history question 6 is displayed
[logsAndroid_M2006C3MII INFO ] 2023-12-21 15:42:42.242 BaseTest:353 - History question is displayed
[logsAndroid_M2006C3MII INFO ] 2023-12-21 15:42:43.057 BaseTest:373 - Clicked on 'None' for history
[logsAndroid_M2006C3MII INFO ] 2023-12-21 15:42:45.486 BaseTest:373 - Clicked on Submit for history
[logsAndroid_M2006C3MII INFO ] 2023-12-21 15:42:48.314 BaseTest:373 - Clicked on 'Other' option
[logsAndroid_M2006C3MII INFO ] 2023-12-21 15:42:52.625 BaseTest:373 - Clicked on Submit button
[logsAndroid_M2006C3MII INFO ] 2023-12-21 15:42:55.795 BaseTest:353 - Medical History Summary Screen Header is displayed
[logsAndroid_M2006C3MII ERROR] 2023-12-21 15:47:57.049 TestListener:33 - org.openqa.selenium.TimeoutException: Expected condition failed: waiting for visibility of Located by By.chained({AppiumBy.accessibilityId: Family History Fragment Cancel Button}) (tried for 300 second(s) with 500 milliseconds interval)
	at org.openqa.selenium.support.ui.WebDriverWait.timeoutException(WebDriverWait.java:84)
	at org.openqa.selenium.support.ui.FluentWait.until(FluentWait.java:230)
	at com.intelehealth.base.BaseTest.waitForVisibility(BaseTest.java:335)
	at com.intelehealth.base.BaseTest.click(BaseTest.java:372)
	at com.intelehealth.pages.StartVisit3And4StepsPage.verifyMedicalHistorySummaryScreenBackButton(StartVisit3And4StepsPage.java:880)
	at com.intelehealth.tests.StartVisit3And4StepsTest.IDA4_2655_verifyBackButtonFunctionality(StartVisit3And4StepsTest.java:329)
	at java.base/jdk.internal.reflect.NativeMethodAccessorImpl.invoke0(Native Method)
	at java.base/jdk.internal.reflect.NativeMethodAccessorImpl.invoke(NativeMethodAccessorImpl.java:77)
	at java.base/jdk.internal.reflect.DelegatingMethodAccessorImpl.invoke(DelegatingMethodAccessorImpl.java:43)
	at java.base/java.lang.reflect.Method.invoke(Method.java:568)
	at org.testng.internal.invokers.MethodInvocationHelper.invokeMethod(MethodInvocationHelper.java:139)
	at org.testng.internal.invokers.TestInvoker.invokeMethod(TestInvoker.java:664)
	at org.testng.internal.invokers.TestInvoker.invokeTestMethod(TestInvoker.java:227)
	at org.testng.internal.invokers.MethodRunner.runInSequence(MethodRunner.java:50)
	at org.testng.internal.invokers.TestInvoker$MethodInvocationAgent.invoke(TestInvoker.java:957)
	at org.testng.internal.invokers.TestInvoker.invokeTestMethods(TestInvoker.java:200)
	at org.testng.internal.invokers.TestMethodWorker.invokeTestMethods(TestMethodWorker.java:148)
	at org.testng.internal.invokers.TestMethodWorker.run(TestMethodWorker.java:128)
	at java.base/java.util.ArrayList.forEach(ArrayList.java:1511)
	at org.testng.TestRunner.privateRun(TestRunner.java:848)
	at org.testng.TestRunner.run(TestRunner.java:621)
	at org.testng.SuiteRunner.runTest(SuiteRunner.java:443)
	at org.testng.SuiteRunner$SuiteWorker.run(SuiteRunner.java:481)
	at org.testng.internal.thread.ThreadUtil.lambda$execute$0(ThreadUtil.java:58)
	at java.base/java.util.concurrent.FutureTask.run(FutureTask.java:264)
	at java.base/java.util.concurrent.ThreadPoolExecutor.runWorker(ThreadPoolExecutor.java:1136)
	at java.base/java.util.concurrent.ThreadPoolExecutor$Worker.run(ThreadPoolExecutor.java:635)
	at java.base/java.lang.Thread.run(Thread.java:833)
Caused by: org.openqa.selenium.NoSuchElementException: Can't locate an element by this strategy: By.chained({AppiumBy.accessibilityId: Family History Fragment Cancel Button})
	at io.appium.java_client.pagefactory.AppiumElementLocator.findElement(AppiumElementLocator.java:166)
	at io.appium.java_client.pagefactory.interceptors.InterceptorOfASingleElement.call(InterceptorOfASingleElement.java:64)
	at io.appium.java_client.proxy.Interceptor.intercept(Interceptor.java:78)
	at org.openqa.selenium.remote.RemoteWebElement$ByteBuddy$gS62gOuI.isDisplayed(Unknown Source)
	at org.openqa.selenium.support.ui.ExpectedConditions.elementIfVisible(ExpectedConditions.java:304)
	at org.openqa.selenium.support.ui.ExpectedConditions.access$000(ExpectedConditions.java:37)
	at org.openqa.selenium.support.ui.ExpectedConditions$10.apply(ExpectedConditions.java:290)
	at org.openqa.selenium.support.ui.ExpectedConditions$10.apply(ExpectedConditions.java:287)
	at org.openqa.selenium.support.ui.FluentWait.until(FluentWait.java:205)
	... 26 more
Caused by: org.openqa.selenium.TimeoutException: Expected condition failed: waiting for io.appium.java_client.pagefactory.AppiumElementLocator$WaitingFunction@773c18b (tried for 1 second(s) with 500 milliseconds interval)
	at org.openqa.selenium.support.ui.FluentWait.timeoutException(FluentWait.java:262)
	at org.openqa.selenium.support.ui.FluentWait.until(FluentWait.java:230)
	at io.appium.java_client.pagefactory.AppiumElementLocator.waitFor(AppiumElementLocator.java:135)
	at io.appium.java_client.pagefactory.AppiumElementLocator.findElement(AppiumElementLocator.java:160)
	... 34 more
Caused by: org.openqa.selenium.NoSuchElementException: Cannot locate an element using By.chained({AppiumBy.accessibilityId: Family History Fragment Cancel Button})
For documentation on this error, please visit: https://www.selenium.dev/documentation/webdriver/troubleshooting/errors#no-such-element-exception
Build info: version: '4.13.0', revision: 'ba948ece5b*'
System info: os.name: 'Windows 10', os.arch: 'amd64', os.version: '10.0', java.version: '17.0.8.1'
Driver info: driver.version: RemoteWebDriver
	at io.appium.java_client.pagefactory.bys.builder.ByChained.findElement(ByChained.java:77)
	at org.openqa.selenium.remote.ElementLocation$ElementFinder$1.findElement(ElementLocation.java:139)
	at org.openqa.selenium.remote.ElementLocation.findElement(ElementLocation.java:59)
	at org.openqa.selenium.remote.RemoteWebDriver.findElement(RemoteWebDriver.java:359)
	at org.openqa.selenium.remote.RemoteWebDriver.findElement(RemoteWebDriver.java:353)
	at io.appium.java_client.pagefactory.bys.ContentMappedBy.findElement(ContentMappedBy.java:53)
	at org.openqa.selenium.remote.ElementLocation$ElementFinder$1.findElement(ElementLocation.java:139)
	at org.openqa.selenium.remote.ElementLocation.findElement(ElementLocation.java:59)
	at org.openqa.selenium.remote.RemoteWebDriver.findElement(RemoteWebDriver.java:359)
	at org.openqa.selenium.remote.RemoteWebDriver.findElement(RemoteWebDriver.java:353)
	at io.appium.java_client.pagefactory.AppiumElementLocator.lambda$findElement$1(AppiumElementLocator.java:160)
	at io.appium.java_client.pagefactory.AppiumElementLocator$WaitingFunction.apply(AppiumElementLocator.java:217)
	at io.appium.java_client.pagefactory.AppiumElementLocator$WaitingFunction.apply(AppiumElementLocator.java:210)
	at org.openqa.selenium.support.ui.FluentWait.until(FluentWait.java:205)
	... 36 more

[logsAndroid_M2006C3MII INFO ] 2023-12-21 15:48:09.322 BaseTest:161 - video path: videos\Android_M2006C3MII\2023-12-21-15-20-37\StartVisit3And4StepsTest\IDA4_2655_verifyBackButtonFunctionality.mp4
[logsAndroid_M2006C3MII INFO ] 2023-12-21 15:48:12.258 StartVisit3And4StepsTest:32 - 
****** starting test:IDA4_2656_verifyConfirmButtonFunctionality******

[logsAndroid_M2006C3MII INFO ] 2023-12-21 15:55:01.262 BaseTest:274 - log path: logs\Android_M2006C3MII
[logsAndroid_M2006C3MII INFO ] 2023-12-21 15:55:01.280 BaseTest:280 - load config.properties
[logsAndroid_M2006C3MII INFO ] 2023-12-21 15:55:16.354 BaseTest:318 - driver initialized: AndroidDriver:  on ANDROID (31df8ff9-19a1-4b4c-87c7-63baab23f251)
[logsAndroid_M2006C3MII INFO ] 2023-12-21 15:55:17.789 StartVisit3And4StepsTest:35 - 
****** starting test:IDA4_2652_verifyPatientHistoryScreenChangeButton******

[logsAndroid_M2006C3MII INFO ] 2023-12-21 15:57:20.953 BaseTest:272 - log path: logs\Android_M2006C3MII
[logsAndroid_M2006C3MII INFO ] 2023-12-21 15:57:20.975 BaseTest:278 - load config.properties
[logsAndroid_M2006C3MII INFO ] 2023-12-21 15:57:35.216 BaseTest:317 - driver initialized: AndroidDriver:  on ANDROID (c3ffa856-de2a-488b-a3f2-a1e30b967354)
[logsAndroid_M2006C3MII INFO ] 2023-12-21 15:57:36.724 StartVisit3And4StepsTest:35 - 
****** starting test:IDA4_2652_verifyPatientHistoryScreenChangeButton******

