[logsAndroid_Samsung INFO ] 2023-12-27 10:47:20.924 BaseTest:257 - log path: logs\Android_Samsung
[logsAndroid_Samsung INFO ] 2023-12-27 10:47:20.945 BaseTest:263 - load config.properties
[logsAndroid_Samsung INFO ] 2023-12-27 10:47:35.365 BaseTest:302 - driver initialized: AndroidDriver:  on ANDROID (79034415-f411-43da-b563-a6b7c00f0a47)
[logsAndroid_Samsung INFO ] 2023-12-27 10:47:36.853 StartVisit1And2StepsTest:33 - 
****** starting test:IDA4_2413_verifyVitalsScreenUi******

[logsAndroid_Samsung INFO ] 2023-12-27 10:48:02.021 BaseTest:360 - WHile Using App Button is Displayed
[logsAndroid_Samsung INFO ] 2023-12-27 12:27:04.817 BaseTest:258 - log path: logs\Android_Samsung
[logsAndroid_Samsung INFO ] 2023-12-27 12:27:04.830 BaseTest:264 - load config.properties
[logsAndroid_Samsung INFO ] 2023-12-27 12:27:13.793 BaseTest:303 - driver initialized: AndroidDriver:  on ANDROID (16991b93-c5fd-40b4-b80b-dc0661fc9188)
[logsAndroid_Samsung INFO ] 2023-12-27 12:27:14.929 StartVisit1And2StepsTest:33 - 
****** starting test:IDA4_2413_verifyVitalsScreenUi******

[logsAndroid_Samsung INFO ] 2023-12-27 12:27:39.377 BaseTest:388 - WHile Using App Button is Displayed
[logsAndroid_Samsung INFO ] 2023-12-27 12:55:46.749 BaseTest:258 - log path: logs\Android_Samsung
[logsAndroid_Samsung INFO ] 2023-12-27 12:55:46.762 BaseTest:264 - load config.properties
[logsAndroid_Samsung INFO ] 2023-12-27 12:55:58.729 BaseTest:303 - driver initialized: AndroidDriver:  on ANDROID (518e61ef-fa85-44e6-904f-a7b4cbcc0682)
[logsAndroid_Samsung INFO ] 2023-12-27 12:56:00.082 StartVisit1And2StepsTest:33 - 
****** starting test:IDA4_2413_verifyVitalsScreenUi******

[logsAndroid_Samsung INFO ] 2023-12-27 12:56:22.929 BaseTest:388 - WHile Using App Button is Displayed
[logsAndroid_Samsung INFO ] 2023-12-27 15:22:40.252 BaseTest:258 - log path: logs\Android_Samsung
[logsAndroid_Samsung INFO ] 2023-12-27 15:22:40.277 BaseTest:264 - load config.properties
[logsAndroid_Samsung INFO ] 2023-12-27 15:22:51.300 BaseTest:303 - driver initialized: AndroidDriver:  on ANDROID (3125a81e-ef9d-4416-a9ef-43b88888f7a8)
[logsAndroid_Samsung INFO ] 2023-12-27 15:22:52.283 StartVisit1And2StepsTest:30 - 
****** starting test:IDA4_2413_verifyVitalsScreenUi******

[logsAndroid_Samsung INFO ] 2023-12-27 15:23:24.284 BaseTest:363 - WHile Using App Button is Displayed
[logsAndroid_Samsung INFO ] 2023-12-27 15:24:15.879 BaseTest:258 - log path: logs\Android_Samsung
[logsAndroid_Samsung INFO ] 2023-12-27 15:24:15.890 BaseTest:264 - load config.properties
[logsAndroid_Samsung INFO ] 2023-12-27 15:24:27.880 BaseTest:303 - driver initialized: AndroidDriver:  on ANDROID (a6680f01-d1e7-4c83-be1a-452ed6261238)
[logsAndroid_Samsung INFO ] 2023-12-27 15:24:28.902 StartVisit1And2StepsTest:30 - 
****** starting test:IDA4_2413_verifyVitalsScreenUi******

[logsAndroid_Samsung INFO ] 2023-12-27 15:44:44.435 BaseTest:258 - log path: logs\Android_Samsung
[logsAndroid_Samsung INFO ] 2023-12-27 15:44:44.464 BaseTest:264 - load config.properties
[logsAndroid_Samsung INFO ] 2023-12-27 15:45:00.855 BaseTest:303 - driver initialized: AndroidDriver:  on ANDROID (6b96e4a3-5fd4-48b0-8ddc-7d0262c19fbe)
[logsAndroid_Samsung INFO ] 2023-12-27 15:45:01.829 AppointmentsTest:26 - 
****** starting test:IDA4_2375_verifyCancelledSection******

[logsAndroid_Samsung INFO ] 2023-12-27 15:50:16.684 BaseTest:258 - log path: logs\Android_Samsung
[logsAndroid_Samsung INFO ] 2023-12-27 15:50:16.697 BaseTest:264 - load config.properties
[logsAndroid_Samsung INFO ] 2023-12-27 15:50:27.448 BaseTest:303 - driver initialized: AndroidDriver:  on ANDROID (3bb3e3f1-fbd0-4503-928a-1ee0395c3ace)
[logsAndroid_Samsung INFO ] 2023-12-27 15:50:28.536 AppointmentsTest:26 - 
****** starting test:IDA4_2397_verifyAppointmentDetailsScreenIsDisplayed******

[logsAndroid_Samsung INFO ] 2023-12-27 15:53:17.286 BaseTest:258 - log path: logs\Android_Samsung
[logsAndroid_Samsung INFO ] 2023-12-27 15:53:17.309 BaseTest:264 - load config.properties
[logsAndroid_Samsung INFO ] 2023-12-27 15:53:28.391 BaseTest:303 - driver initialized: AndroidDriver:  on ANDROID (b7eb6ccb-4efe-4966-ac96-6e19981e6a25)
[logsAndroid_Samsung INFO ] 2023-12-27 15:53:29.396 AppointmentsTest:26 - 
****** starting test:IDA4_2397_verifyAppointmentDetailsScreenIsDisplayed******

[logsAndroid_Samsung INFO ] 2023-12-27 15:59:29.382 BaseTest:258 - log path: logs\Android_Samsung
[logsAndroid_Samsung INFO ] 2023-12-27 15:59:29.404 BaseTest:264 - load config.properties
[logsAndroid_Samsung INFO ] 2023-12-27 15:59:40.805 BaseTest:303 - driver initialized: AndroidDriver:  on ANDROID (7ddae116-f8d5-45d5-b995-99d122f70831)
[logsAndroid_Samsung INFO ] 2023-12-27 15:59:41.686 AppointmentsTest:26 - 
****** starting test:IDA4_2397_verifyAppointmentDetailsScreenIsDisplayed******

[logsAndroid_Samsung INFO ] 2023-12-27 16:06:50.781 BaseTest:258 - log path: logs\Android_Samsung
[logsAndroid_Samsung INFO ] 2023-12-27 16:06:50.796 BaseTest:264 - load config.properties
[logsAndroid_Samsung INFO ] 2023-12-27 16:07:01.080 BaseTest:303 - driver initialized: AndroidDriver:  on ANDROID (874979ab-2984-4e2d-b700-306104190ced)
[logsAndroid_Samsung INFO ] 2023-12-27 16:07:02.104 AppointmentsTest:26 - 
****** starting test:IDA4_2397_verifyAppointmentDetailsScreenIsDisplayed******

[logsAndroid_Samsung INFO ] 2023-12-27 16:13:34.267 BaseTest:258 - log path: logs\Android_Samsung
[logsAndroid_Samsung INFO ] 2023-12-27 16:13:34.295 BaseTest:264 - load config.properties
[logsAndroid_Samsung INFO ] 2023-12-27 16:13:46.428 BaseTest:303 - driver initialized: AndroidDriver:  on ANDROID (c578a732-b0e2-4c13-b1bd-039340a99829)
[logsAndroid_Samsung INFO ] 2023-12-27 16:13:47.663 AppointmentsTest:26 - 
****** starting test:IDA4_2397_verifyAppointmentDetailsScreenIsDisplayed******

[logsAndroid_Samsung INFO ] 2023-12-27 16:19:10.189 BaseTest:258 - log path: logs\Android_Samsung
[logsAndroid_Samsung INFO ] 2023-12-27 16:19:10.211 BaseTest:264 - load config.properties
[logsAndroid_Samsung INFO ] 2023-12-27 16:19:21.904 BaseTest:303 - driver initialized: AndroidDriver:  on ANDROID (a6882f35-0502-4ae1-af07-4762bb103561)
[logsAndroid_Samsung INFO ] 2023-12-27 16:19:22.840 AppointmentsTest:26 - 
****** starting test:IDA4_2397_verifyAppointmentDetailsScreenIsDisplayed******

[logsAndroid_Samsung INFO ] 2023-12-27 16:21:35.543 BaseTest:258 - log path: logs\Android_Samsung
[logsAndroid_Samsung INFO ] 2023-12-27 16:21:35.564 BaseTest:264 - load config.properties
[logsAndroid_Samsung INFO ] 2023-12-27 16:21:48.038 BaseTest:303 - driver initialized: AndroidDriver:  on ANDROID (a2e14163-6f15-4ceb-9068-376b92b151a0)
[logsAndroid_Samsung INFO ] 2023-12-27 16:21:49.058 AppointmentsTest:26 - 
****** starting test:IDA4_2397_verifyAppointmentDetailsScreenIsDisplayed******

[logsAndroid_Samsung INFO ] 2023-12-27 16:30:18.330 BaseTest:258 - log path: logs\Android_Samsung
[logsAndroid_Samsung INFO ] 2023-12-27 16:30:18.352 BaseTest:264 - load config.properties
[logsAndroid_Samsung INFO ] 2023-12-27 16:30:29.683 BaseTest:303 - driver initialized: AndroidDriver:  on ANDROID (27d701ce-4f5a-45a2-a7c5-b8aa22500da2)
[logsAndroid_Samsung INFO ] 2023-12-27 16:30:30.583 AppointmentsTest:26 - 
****** starting test:IDA4_2397_verifyAppointmentDetailsScreenIsDisplayed******

[logsAndroid_Samsung INFO ] 2023-12-27 16:38:15.914 BaseTest:258 - log path: logs\Android_Samsung
[logsAndroid_Samsung INFO ] 2023-12-27 16:38:15.929 BaseTest:264 - load config.properties
[logsAndroid_Samsung INFO ] 2023-12-27 16:38:25.459 BaseTest:303 - driver initialized: AndroidDriver:  on ANDROID (91ed0c04-75ff-4516-a93b-53d9d9cda99c)
[logsAndroid_Samsung INFO ] 2023-12-27 16:38:26.824 AppointmentsTest:26 - 
****** starting test:IDA4_2397_verifyAppointmentDetailsScreenIsDisplayed******

[logsAndroid_Samsung INFO ] 2023-12-27 16:41:18.232 BaseTest:258 - log path: logs\Android_Samsung
[logsAndroid_Samsung INFO ] 2023-12-27 16:41:18.256 BaseTest:264 - load config.properties
[logsAndroid_Samsung INFO ] 2023-12-27 16:41:30.011 BaseTest:303 - driver initialized: AndroidDriver:  on ANDROID (54ef1c2f-6247-4e5a-ae50-c2860340bf03)
[logsAndroid_Samsung INFO ] 2023-12-27 16:41:31.085 AppointmentsTest:26 - 
****** starting test:IDA4_2397_verifyAppointmentDetailsScreenIsDisplayed******

[logsAndroid_Samsung INFO ] 2023-12-27 16:44:04.489 BaseTest:258 - log path: logs\Android_Samsung
[logsAndroid_Samsung INFO ] 2023-12-27 16:44:04.500 BaseTest:264 - load config.properties
[logsAndroid_Samsung INFO ] 2023-12-27 16:44:15.955 BaseTest:303 - driver initialized: AndroidDriver:  on ANDROID (5920f338-4020-41b4-82b9-bf15f8ce02d4)
[logsAndroid_Samsung INFO ] 2023-12-27 16:44:17.074 AppointmentsTest:26 - 
****** starting test:IDA4_2397_verifyAppointmentDetailsScreenIsDisplayed******

[logsAndroid_Samsung INFO ] 2023-12-27 16:46:29.423 BaseTest:258 - log path: logs\Android_Samsung
[logsAndroid_Samsung INFO ] 2023-12-27 16:46:29.449 BaseTest:264 - load config.properties
[logsAndroid_Samsung INFO ] 2023-12-27 16:46:39.714 BaseTest:303 - driver initialized: AndroidDriver:  on ANDROID (113b234b-7568-4b4d-acf4-ed8abd217452)
[logsAndroid_Samsung INFO ] 2023-12-27 16:46:40.821 AppointmentsTest:26 - 
****** starting test:IDA4_2397_verifyAppointmentDetailsScreenIsDisplayed******

[logsAndroid_Samsung INFO ] 2023-12-27 16:49:34.922 BaseTest:258 - log path: logs\Android_Samsung
[logsAndroid_Samsung INFO ] 2023-12-27 16:49:34.937 BaseTest:264 - load config.properties
[logsAndroid_Samsung INFO ] 2023-12-27 16:49:45.097 BaseTest:303 - driver initialized: AndroidDriver:  on ANDROID (0c2bf8d4-1db8-45b7-bd87-0106c83ead2c)
[logsAndroid_Samsung INFO ] 2023-12-27 16:49:46.138 AppointmentsTest:26 - 
****** starting test:IDA4_2397_verifyAppointmentDetailsScreenIsDisplayed******

[logsAndroid_Samsung INFO ] 2023-12-27 16:51:59.410 BaseTest:258 - log path: logs\Android_Samsung
[logsAndroid_Samsung INFO ] 2023-12-27 16:51:59.424 BaseTest:264 - load config.properties
[logsAndroid_Samsung INFO ] 2023-12-27 16:52:09.492 BaseTest:303 - driver initialized: AndroidDriver:  on ANDROID (119ee2cf-4a1d-4420-9eba-13634dd9e5ba)
[logsAndroid_Samsung INFO ] 2023-12-27 16:52:10.428 AppointmentsTest:26 - 
****** starting test:IDA4_2397_verifyAppointmentDetailsScreenIsDisplayed******

[logsAndroid_Samsung INFO ] 2023-12-27 16:54:50.344 BaseTest:258 - log path: logs\Android_Samsung
[logsAndroid_Samsung INFO ] 2023-12-27 16:54:50.371 BaseTest:264 - load config.properties
[logsAndroid_Samsung INFO ] 2023-12-27 16:55:02.551 BaseTest:303 - driver initialized: AndroidDriver:  on ANDROID (cb745a86-76ee-46d7-9f06-9e0db077a623)
[logsAndroid_Samsung INFO ] 2023-12-27 16:55:03.525 AppointmentsTest:26 - 
****** starting test:IDA4_2397_verifyAppointmentDetailsScreenIsDisplayed******

[logsAndroid_Samsung INFO ] 2023-12-27 16:57:26.541 BaseTest:258 - log path: logs\Android_Samsung
[logsAndroid_Samsung INFO ] 2023-12-27 16:57:26.559 BaseTest:264 - load config.properties
[logsAndroid_Samsung INFO ] 2023-12-27 16:57:37.678 BaseTest:303 - driver initialized: AndroidDriver:  on ANDROID (117e6b1b-87f8-4d14-be12-ae577b409d5e)
[logsAndroid_Samsung INFO ] 2023-12-27 16:57:38.635 AppointmentsTest:26 - 
****** starting test:IDA4_2397_verifyAppointmentDetailsScreenIsDisplayed******

[logsAndroid_Samsung INFO ] 2023-12-27 17:03:44.758 BaseTest:258 - log path: logs\Android_Samsung
[logsAndroid_Samsung INFO ] 2023-12-27 17:03:44.779 BaseTest:264 - load config.properties
[logsAndroid_Samsung INFO ] 2023-12-27 17:03:56.523 BaseTest:303 - driver initialized: AndroidDriver:  on ANDROID (05e27627-2f3f-4265-b15d-63a7a84e31a1)
[logsAndroid_Samsung INFO ] 2023-12-27 17:03:57.480 AppointmentsTest:26 - 
****** starting test:IDA4_2397_verifyAppointmentDetailsScreenIsDisplayed******

[logsAndroid_Samsung INFO ] 2023-12-27 17:53:19.606 BaseTest:258 - log path: logs\Android_Samsung
[logsAndroid_Samsung INFO ] 2023-12-27 17:53:19.645 BaseTest:264 - load config.properties
[logsAndroid_Samsung INFO ] 2023-12-27 17:53:31.079 BaseTest:303 - driver initialized: AndroidDriver:  on ANDROID (12d92ca9-c27b-4a71-af26-7a2d43289be1)
[logsAndroid_Samsung INFO ] 2023-12-27 17:53:32.597 AppointmentsTest:26 - 
****** starting test:IDA4_2397_verifyAppointmentDetailsScreenIsDisplayed******

[logsAndroid_Samsung INFO ] 2023-12-27 19:11:41.422 BaseTest:258 - log path: logs\Android_Samsung
[logsAndroid_Samsung INFO ] 2023-12-27 19:11:41.438 BaseTest:264 - load config.properties
[logsAndroid_Samsung FATAL] 2023-12-27 19:13:14.926 BaseTest:305 - driver initialization failure. ABORT!!!
org.openqa.selenium.SessionNotCreatedException: Could not start a new session. Response code 500. Message: An unknown server-side error occurred while processing the command. Original error: Appium Settings app is not running after 30000ms 
Host info: host: 'DESKTOP-LAAIDQD', ip: '192.168.43.151'
Build info: version: '4.13.0', revision: 'ba948ece5b*'
System info: os.name: 'Windows 10', os.arch: 'amd64', os.version: '10.0', java.version: '17.0.8.1'
Driver info: io.appium.java_client.android.AndroidDriver
Command: [null, newSession {capabilities=[{appium:automationName=UiAutomator2, appium:avd=Samsung, appium:avdLaunchTimeout=120000, appium:deviceName=Samsung, platformName=ANDROID, appium:systemPort=10000, appium:udid=emulator-5554}], desiredCapabilities=Capabilities {automationName: UiAutomator2, avd: Samsung, avdLaunchTimeout: 120000, deviceName: Samsung, platformName: ANDROID, systemPort: 10000, udid: emulator-5554}}]
Capabilities {automationName: UiAutomator2, avd: Samsung, avdLaunchTimeout: 120000, deviceName: Samsung, platformName: ANDROID, systemPort: 10000, udid: emulator-5554}
[logsAndroid_Samsung INFO ] 2023-12-27 19:23:40.592 BaseTest:258 - log path: logs\Android_Samsung
[logsAndroid_Samsung INFO ] 2023-12-27 19:23:40.605 BaseTest:264 - load config.properties
[logsAndroid_Samsung INFO ] 2023-12-27 19:23:53.864 BaseTest:303 - driver initialized: AndroidDriver:  on ANDROID (ca5b5b0b-9805-48bd-9a31-cc8c54a85318)
[logsAndroid_Samsung INFO ] 2023-12-27 19:23:54.861 AppointmentsTest:26 - 
****** starting test:IDA4_2397_verifyAppointmentDetailsScreenIsDisplayed******

[logsAndroid_Samsung INFO ] 2023-12-27 19:27:08.351 BaseTest:258 - log path: logs\Android_Samsung
[logsAndroid_Samsung INFO ] 2023-12-27 19:27:08.362 BaseTest:264 - load config.properties
[logsAndroid_Samsung FATAL] 2023-12-27 19:27:15.651 BaseTest:305 - driver initialization failure. ABORT!!!
org.openqa.selenium.SessionNotCreatedException: Could not start a new session. Possible causes are invalid address of the remote server or browser start-up failure. 
Host info: host: 'DESKTOP-LAAIDQD', ip: '192.168.43.151'
[logsAndroid_Samsung INFO ] 2023-12-27 19:28:34.960 BaseTest:258 - log path: logs\Android_Samsung
[logsAndroid_Samsung INFO ] 2023-12-27 19:28:34.983 BaseTest:264 - load config.properties
[logsAndroid_Samsung INFO ] 2023-12-27 19:28:47.267 BaseTest:303 - driver initialized: AndroidDriver:  on ANDROID (f158151f-4d84-4e72-8b81-cc1f0c3195f4)
[logsAndroid_Samsung INFO ] 2023-12-27 19:28:48.229 AppointmentsTest:26 - 
****** starting test:IDA4_2397_verifyAppointmentDetailsScreenIsDisplayed******

[logsAndroid_Samsung INFO ] 2023-12-27 19:33:09.731 BaseTest:258 - log path: logs\Android_Samsung
[logsAndroid_Samsung INFO ] 2023-12-27 19:33:09.744 BaseTest:264 - load config.properties
[logsAndroid_Samsung FATAL] 2023-12-27 19:33:15.989 BaseTest:305 - driver initialization failure. ABORT!!!
org.openqa.selenium.SessionNotCreatedException: Could not start a new session. Possible causes are invalid address of the remote server or browser start-up failure. 
Host info: host: 'DESKTOP-LAAIDQD', ip: '192.168.43.151'
[logsAndroid_Samsung INFO ] 2023-12-27 19:33:46.869 BaseTest:258 - log path: logs\Android_Samsung
[logsAndroid_Samsung INFO ] 2023-12-27 19:33:46.886 BaseTest:264 - load config.properties
[logsAndroid_Samsung INFO ] 2023-12-27 19:33:58.590 BaseTest:303 - driver initialized: AndroidDriver:  on ANDROID (02743c43-8c8a-48b0-94d5-39240cf45fb1)
[logsAndroid_Samsung INFO ] 2023-12-27 19:33:59.498 AppointmentsTest:26 - 
****** starting test:IDA4_2397_verifyAppointmentDetailsScreenIsDisplayed******

[logsAndroid_Samsung INFO ] 2023-12-27 19:38:16.638 BaseTest:258 - log path: logs\Android_Samsung
[logsAndroid_Samsung INFO ] 2023-12-27 19:38:16.667 BaseTest:264 - load config.properties
[logsAndroid_Samsung FATAL] 2023-12-27 19:38:22.771 BaseTest:305 - driver initialization failure. ABORT!!!
org.openqa.selenium.SessionNotCreatedException: Could not start a new session. Possible causes are invalid address of the remote server or browser start-up failure. 
Host info: host: 'DESKTOP-LAAIDQD', ip: '192.168.43.151'
[logsAndroid_Samsung INFO ] 2023-12-27 19:41:22.456 BaseTest:258 - log path: logs\Android_Samsung
[logsAndroid_Samsung INFO ] 2023-12-27 19:41:22.472 BaseTest:264 - load config.properties
[logsAndroid_Samsung INFO ] 2023-12-27 19:41:33.392 BaseTest:303 - driver initialized: AndroidDriver:  on ANDROID (d481fe59-bfd7-4617-8307-10664880f005)
[logsAndroid_Samsung INFO ] 2023-12-27 19:41:34.334 AppointmentsTest:26 - 
****** starting test:IDA4_2397_verifyAppointmentDetailsScreenIsDisplayed******

[logsAndroid_Samsung INFO ] 2023-12-27 19:43:54.168 BaseTest:258 - log path: logs\Android_Samsung
[logsAndroid_Samsung INFO ] 2023-12-27 19:43:54.201 BaseTest:264 - load config.properties
[logsAndroid_Samsung FATAL] 2023-12-27 19:44:01.650 BaseTest:305 - driver initialization failure. ABORT!!!
org.openqa.selenium.SessionNotCreatedException: Could not start a new session. Possible causes are invalid address of the remote server or browser start-up failure. 
Host info: host: 'DESKTOP-LAAIDQD', ip: '192.168.43.151'
[logsAndroid_Samsung INFO ] 2023-12-27 19:44:39.104 BaseTest:258 - log path: logs\Android_Samsung
[logsAndroid_Samsung INFO ] 2023-12-27 19:44:39.119 BaseTest:264 - load config.properties
[logsAndroid_Samsung INFO ] 2023-12-27 19:44:49.895 BaseTest:303 - driver initialized: AndroidDriver:  on ANDROID (a9af96fa-6611-49f9-a018-c9f48df09972)
[logsAndroid_Samsung INFO ] 2023-12-27 19:44:50.750 AppointmentsTest:26 - 
****** starting test:IDA4_2397_verifyAppointmentDetailsScreenIsDisplayed******

[logsAndroid_Samsung INFO ] 2023-12-27 19:47:08.034 BaseTest:258 - log path: logs\Android_Samsung
[logsAndroid_Samsung INFO ] 2023-12-27 19:47:08.046 BaseTest:264 - load config.properties
[logsAndroid_Samsung FATAL] 2023-12-27 19:47:14.228 BaseTest:305 - driver initialization failure. ABORT!!!
org.openqa.selenium.SessionNotCreatedException: Could not start a new session. Possible causes are invalid address of the remote server or browser start-up failure. 
Host info: host: 'DESKTOP-LAAIDQD', ip: '192.168.43.151'
[logsAndroid_Samsung INFO ] 2023-12-27 19:48:22.273 BaseTest:258 - log path: logs\Android_Samsung
[logsAndroid_Samsung INFO ] 2023-12-27 19:48:22.283 BaseTest:264 - load config.properties
[logsAndroid_Samsung INFO ] 2023-12-27 19:48:33.016 BaseTest:303 - driver initialized: AndroidDriver:  on ANDROID (36442b7a-91cc-4ccb-8497-be2c6b67fb13)
[logsAndroid_Samsung INFO ] 2023-12-27 19:48:33.865 AppointmentsTest:26 - 
****** starting test:IDA4_2397_verifyAppointmentDetailsScreenIsDisplayed******

[logsAndroid_Samsung INFO ] 2023-12-27 19:51:26.855 BaseTest:258 - log path: logs\Android_Samsung
[logsAndroid_Samsung INFO ] 2023-12-27 19:51:26.867 BaseTest:264 - load config.properties
[logsAndroid_Samsung FATAL] 2023-12-27 19:51:33.111 BaseTest:305 - driver initialization failure. ABORT!!!
org.openqa.selenium.SessionNotCreatedException: Could not start a new session. Possible causes are invalid address of the remote server or browser start-up failure. 
Host info: host: 'DESKTOP-LAAIDQD', ip: '192.168.43.151'
[logsAndroid_Samsung INFO ] 2023-12-27 19:52:40.169 BaseTest:258 - log path: logs\Android_Samsung
[logsAndroid_Samsung INFO ] 2023-12-27 19:52:40.185 BaseTest:264 - load config.properties
[logsAndroid_Samsung INFO ] 2023-12-27 19:52:51.176 BaseTest:303 - driver initialized: AndroidDriver:  on ANDROID (fedf58cb-7b6b-4381-94c7-fe85fd515bec)
[logsAndroid_Samsung INFO ] 2023-12-27 19:52:52.066 AppointmentsTest:26 - 
****** starting test:IDA4_2397_verifyAppointmentDetailsScreenIsDisplayed******

[logsAndroid_Samsung INFO ] 2023-12-27 19:56:26.477 BaseTest:258 - log path: logs\Android_Samsung
[logsAndroid_Samsung INFO ] 2023-12-27 19:56:26.496 BaseTest:264 - load config.properties
[logsAndroid_Samsung FATAL] 2023-12-27 19:56:32.820 BaseTest:305 - driver initialization failure. ABORT!!!
org.openqa.selenium.SessionNotCreatedException: Could not start a new session. Possible causes are invalid address of the remote server or browser start-up failure. 
Host info: host: 'DESKTOP-LAAIDQD', ip: '192.168.43.151'
[logsAndroid_Samsung INFO ] 2023-12-27 19:57:21.574 BaseTest:258 - log path: logs\Android_Samsung
[logsAndroid_Samsung INFO ] 2023-12-27 19:57:21.590 BaseTest:264 - load config.properties
[logsAndroid_Samsung INFO ] 2023-12-27 19:57:32.616 BaseTest:303 - driver initialized: AndroidDriver:  on ANDROID (1e169c56-bfd5-4410-ab75-f9a5fabafcac)
[logsAndroid_Samsung INFO ] 2023-12-27 19:57:33.435 AppointmentsTest:26 - 
****** starting test:IDA4_2397_verifyAppointmentDetailsScreenIsDisplayed******

[logsAndroid_Samsung INFO ] 2023-12-27 20:00:26.259 BaseTest:258 - log path: logs\Android_Samsung
[logsAndroid_Samsung INFO ] 2023-12-27 20:00:26.276 BaseTest:264 - load config.properties
[logsAndroid_Samsung FATAL] 2023-12-27 20:00:32.496 BaseTest:305 - driver initialization failure. ABORT!!!
org.openqa.selenium.SessionNotCreatedException: Could not start a new session. Possible causes are invalid address of the remote server or browser start-up failure. 
Host info: host: 'DESKTOP-LAAIDQD', ip: '192.168.43.151'
[logsAndroid_Samsung INFO ] 2023-12-27 20:01:26.727 BaseTest:258 - log path: logs\Android_Samsung
[logsAndroid_Samsung INFO ] 2023-12-27 20:01:26.749 BaseTest:264 - load config.properties
[logsAndroid_Samsung INFO ] 2023-12-27 20:01:37.623 BaseTest:303 - driver initialized: AndroidDriver:  on ANDROID (41a121b4-5f17-4817-a22b-cd9f053588d2)
[logsAndroid_Samsung INFO ] 2023-12-27 20:01:38.477 AppointmentsTest:26 - 
****** starting test:IDA4_2397_verifyAppointmentDetailsScreenIsDisplayed******

[logsAndroid_Samsung INFO ] 2023-12-27 20:17:30.978 BaseTest:258 - log path: logs\Android_Samsung
[logsAndroid_Samsung INFO ] 2023-12-27 20:17:30.989 BaseTest:264 - load config.properties
[logsAndroid_Samsung FATAL] 2023-12-27 20:17:37.115 BaseTest:305 - driver initialization failure. ABORT!!!
org.openqa.selenium.SessionNotCreatedException: Could not start a new session. Possible causes are invalid address of the remote server or browser start-up failure. 
Host info: host: 'DESKTOP-LAAIDQD', ip: '192.168.43.151'
[logsAndroid_Samsung INFO ] 2023-12-27 20:18:01.781 BaseTest:258 - log path: logs\Android_Samsung
[logsAndroid_Samsung INFO ] 2023-12-27 20:18:01.802 BaseTest:264 - load config.properties
[logsAndroid_Samsung INFO ] 2023-12-27 20:18:13.180 BaseTest:303 - driver initialized: AndroidDriver:  on ANDROID (93b5cd97-ebc8-4cfa-8520-533d7facfb3c)
[logsAndroid_Samsung INFO ] 2023-12-27 20:18:14.138 AppointmentsTest:26 - 
****** starting test:IDA4_2397_verifyAppointmentDetailsScreenIsDisplayed******

[logsAndroid_Samsung INFO ] 2023-12-27 20:20:33.384 BaseTest:258 - log path: logs\Android_Samsung
[logsAndroid_Samsung INFO ] 2023-12-27 20:20:33.397 BaseTest:264 - load config.properties
[logsAndroid_Samsung FATAL] 2023-12-27 20:20:39.595 BaseTest:305 - driver initialization failure. ABORT!!!
org.openqa.selenium.SessionNotCreatedException: Could not start a new session. Possible causes are invalid address of the remote server or browser start-up failure. 
Host info: host: 'DESKTOP-LAAIDQD', ip: '192.168.43.151'
[logsAndroid_Samsung INFO ] 2023-12-27 20:22:11.883 BaseTest:258 - log path: logs\Android_Samsung
[logsAndroid_Samsung INFO ] 2023-12-27 20:22:11.896 BaseTest:264 - load config.properties
[logsAndroid_Samsung INFO ] 2023-12-27 20:22:22.581 BaseTest:303 - driver initialized: AndroidDriver:  on ANDROID (9e9f437e-0030-49d7-8c5e-b65051f4ea45)
[logsAndroid_Samsung INFO ] 2023-12-27 20:22:23.439 AppointmentsTest:26 - 
****** starting test:IDA4_2397_verifyAppointmentDetailsScreenIsDisplayed******

